Nov  5 21:22:20 ubuntu kernel: [    0.000000] Initializing cgroup subsys cpuset
Nov  5 21:22:20 ubuntu kernel: [    0.000000] Initializing cgroup subsys cpu
Nov  5 21:22:20 ubuntu kernel: [    0.000000] Initializing cgroup subsys cpuacct
Nov  5 21:22:20 ubuntu kernel: [    0.000000] Linux version 4.4.0-31-generic (buildd@lgw01-16) (gcc version 5.3.1 20160413 (Ubuntu 5.3.1-14ubuntu2.1) ) #50-Ubuntu SMP Wed Jul 13 00:07:12 UTC 2016 (Ubuntu 4.4.0-31.50-generic 4.4.13)
Nov  5 21:22:20 ubuntu kernel: [    0.000000] Command line: BOOT_IMAGE=/vmlinuz-4.4.0-31-generic root=/dev/mapper/ubuntu--vg-root ro
Nov  5 21:22:20 ubuntu kernel: [    0.000000] KERNEL supported cpus:
Nov  5 21:22:20 ubuntu kernel: [    0.000000]   Intel GenuineIntel
Nov  5 21:22:20 ubuntu kernel: [    0.000000]   AMD AuthenticAMD
Nov  5 21:22:20 ubuntu kernel: [    0.000000]   Centaur CentaurHauls
Nov  5 21:22:20 ubuntu kernel: [    0.000000] ------------[ cut here ]------------
Nov  5 21:22:20 ubuntu kernel: [    0.000000] WARNING: CPU: 0 PID: 0 at /build/linux-dcxD3m/linux-4.4.0/arch/x86/kernel/fpu/xstate.c:517 fpu__init_system_xstate+0x38b/0x75a()
Nov  5 21:22:20 ubuntu kernel: [    0.000000] XSAVE consistency problem, dumping leaves
Nov  5 21:22:20 ubuntu kernel: [    0.000000] Modules linked in:
Nov  5 21:22:20 ubuntu kernel: [    0.000000] CPU: 0 PID: 0 Comm: swapper Not tainted 4.4.0-31-generic #50-Ubuntu
Nov  5 21:22:20 ubuntu kernel: [    0.000000]  0000000000000086 7beb43f28cf28f4c ffffffff81e03d80 ffffffff813f1143
Nov  5 21:22:20 ubuntu kernel: [    0.000000]  ffffffff81e03dc8 ffffffff81ca24c8 ffffffff81e03db8 ffffffff81081102
Nov  5 21:22:20 ubuntu kernel: [    0.000000]  ffffffff81e03e48 ffffffff81e03e4c 0000000000000008 0000000000000100
Nov  5 21:22:20 ubuntu kernel: [    0.000000] Call Trace:
Nov  5 21:22:20 ubuntu kernel: [    0.000000]  [<ffffffff813f1143>] dump_stack+0x63/0x90
Nov  5 21:22:20 ubuntu kernel: [    0.000000]  [<ffffffff81081102>] warn_slowpath_common+0x82/0xc0
Nov  5 21:22:20 ubuntu kernel: [    0.000000]  [<ffffffff8108119c>] warn_slowpath_fmt+0x5c/0x80
Nov  5 21:22:20 ubuntu kernel: [    0.000000]  [<ffffffff8107ced0>] ? xfeature_size+0x59/0x77
Nov  5 21:22:20 ubuntu kernel: [    0.000000]  [<ffffffff81f6aeff>] fpu__init_system_xstate+0x38b/0x75a
Nov  5 21:22:20 ubuntu kernel: [    0.000000]  [<ffffffff81f5a120>] ? early_idt_handler_array+0x120/0x120
Nov  5 21:22:20 ubuntu kernel: [    0.000000]  [<ffffffff81f6a86a>] fpu__init_system+0x10d/0x245
Nov  5 21:22:20 ubuntu kernel: [    0.000000]  [<ffffffff81f6b973>] early_cpu_init+0x139/0x13e
Nov  5 21:22:20 ubuntu kernel: [    0.000000]  [<ffffffff81f6b973>] ? early_cpu_init+0x139/0x13e
Nov  5 21:22:20 ubuntu kernel: [    0.000000]  [<ffffffff81f66e46>] setup_arch+0xb4/0xd1e
Nov  5 21:22:20 ubuntu kernel: [    0.000000]  [<ffffffff81f5a120>] ? early_idt_handler_array+0x120/0x120
Nov  5 21:22:20 ubuntu kernel: [    0.000000]  [<ffffffff81f5ac74>] start_kernel+0xe4/0x4a2
Nov  5 21:22:20 ubuntu kernel: [    0.000000]  [<ffffffff81f5a120>] ? early_idt_handler_array+0x120/0x120
Nov  5 21:22:20 ubuntu kernel: [    0.000000]  [<ffffffff81f5a339>] x86_64_start_reservations+0x2a/0x2c
Nov  5 21:22:20 ubuntu kernel: [    0.000000]  [<ffffffff81f5a485>] x86_64_start_kernel+0x14a/0x16d
Nov  5 21:22:20 ubuntu kernel: [    0.000000] ---[ end trace 4d5ff9f2f68c4233 ]---
Nov  5 21:22:20 ubuntu kernel: [    0.000000] CPUID[0d, 00]: eax=00000007 ebx=00000440 ecx=00000440 edx=00000000
Nov  5 21:22:20 ubuntu kernel: [    0.000000] CPUID[0d, 01]: eax=00000000 ebx=000003c0 ecx=00000000 edx=00000000
Nov  5 21:22:20 ubuntu kernel: [    0.000000] CPUID[0d, 02]: eax=00000100 ebx=00000240 ecx=00000000 edx=00000000
Nov  5 21:22:20 ubuntu kernel: [    0.000000] CPUID[0d, 03]: eax=00000000 ebx=00000000 ecx=00000000 edx=00000000
Nov  5 21:22:20 ubuntu kernel: [    0.000000] CPUID[0d, 04]: eax=00000000 ebx=00000000 ecx=00000000 edx=00000000
Nov  5 21:22:20 ubuntu kernel: [    0.000000] CPUID[0d, 05]: eax=00000000 ebx=00000000 ecx=00000000 edx=00000000
Nov  5 21:22:20 ubuntu kernel: [    0.000000] CPUID[0d, 06]: eax=00000000 ebx=00000000 ecx=00000000 edx=00000000
Nov  5 21:22:20 ubuntu kernel: [    0.000000] CPUID[0d, 07]: eax=00000000 ebx=00000000 ecx=00000000 edx=00000000
Nov  5 21:22:20 ubuntu kernel: [    0.000000] CPUID[0d, 08]: eax=00000000 ebx=00000000 ecx=00000000 edx=00000000
Nov  5 21:22:20 ubuntu kernel: [    0.000000] CPUID[0d, 09]: eax=00000000 ebx=00000000 ecx=00000000 edx=00000000
Nov  5 21:22:20 ubuntu kernel: [    0.000000] CPUID[0d, 0a]: eax=00000000 ebx=00000000 ecx=00000000 edx=00000000
Nov  5 21:22:20 ubuntu kernel: [    0.000000] CPUID[0d, 0b]: eax=00000000 ebx=00000000 ecx=00000000 edx=00000000
Nov  5 21:22:20 ubuntu kernel: [    0.000000] CPUID[0d, 0c]: eax=00000000 ebx=00000000 ecx=00000000 edx=00000000
Nov  5 21:22:20 ubuntu kernel: [    0.000000] CPUID[0d, 0d]: eax=00000000 ebx=00000000 ecx=00000000 edx=00000000
Nov  5 21:22:20 ubuntu kernel: [    0.000000] CPUID[0d, 0e]: eax=00000000 ebx=00000000 ecx=00000000 edx=00000000
Nov  5 21:22:20 ubuntu kernel: [    0.000000] CPUID[0d, 0f]: eax=00000000 ebx=00000000 ecx=00000000 edx=00000000
Nov  5 21:22:20 ubuntu kernel: [    0.000000] CPUID[0d, 10]: eax=00000000 ebx=00000000 ecx=00000000 edx=00000000
Nov  5 21:22:20 ubuntu kernel: [    0.000000] CPUID[0d, 11]: eax=00000000 ebx=00000000 ecx=00000000 edx=00000000
Nov  5 21:22:20 ubuntu kernel: [    0.000000] x86/fpu: xstate_offset[2]:  576, xstate_sizes[2]:  256
Nov  5 21:22:20 ubuntu kernel: [    0.000000] x86/fpu: Supporting XSAVE feature 0x01: 'x87 floating point registers'
Nov  5 21:22:20 ubuntu kernel: [    0.000000] x86/fpu: Supporting XSAVE feature 0x02: 'SSE registers'
Nov  5 21:22:20 ubuntu kernel: [    0.000000] x86/fpu: Supporting XSAVE feature 0x04: 'AVX registers'
Nov  5 21:22:20 ubuntu kernel: [    0.000000] x86/fpu: Enabled xstate features 0x7, context size is 1088 bytes, using 'standard' format.
Nov  5 21:22:20 ubuntu kernel: [    0.000000] x86/fpu: Using 'lazy' FPU context switches.
Nov  5 21:22:20 ubuntu kernel: [    0.000000] e820: BIOS-provided physical RAM map:
Nov  5 21:22:20 ubuntu kernel: [    0.000000] BIOS-e820: [mem 0x0000000000000000-0x000000000009fbff] usable
Nov  5 21:22:20 ubuntu kernel: [    0.000000] BIOS-e820: [mem 0x000000000009fc00-0x000000000009ffff] reserved
Nov  5 21:22:20 ubuntu kernel: [    0.000000] BIOS-e820: [mem 0x00000000000f0000-0x00000000000fffff] reserved
Nov  5 21:22:20 ubuntu kernel: [    0.000000] BIOS-e820: [mem 0x0000000000100000-0x000000007ffeffff] usable
Nov  5 21:22:20 ubuntu kernel: [    0.000000] BIOS-e820: [mem 0x000000007fff0000-0x000000007fffffff] ACPI data
Nov  5 21:22:20 ubuntu kernel: [    0.000000] BIOS-e820: [mem 0x00000000fec00000-0x00000000fec00fff] reserved
Nov  5 21:22:20 ubuntu kernel: [    0.000000] BIOS-e820: [mem 0x00000000fee00000-0x00000000fee00fff] reserved
Nov  5 21:22:20 ubuntu kernel: [    0.000000] BIOS-e820: [mem 0x00000000fffc0000-0x00000000ffffffff] reserved
Nov  5 21:22:20 ubuntu kernel: [    0.000000] NX (Execute Disable) protection: active
Nov  5 21:22:20 ubuntu kernel: [    0.000000] SMBIOS 2.5 present.
Nov  5 21:22:20 ubuntu kernel: [    0.000000] DMI: innotek GmbH VirtualBox/VirtualBox, BIOS VirtualBox 12/01/2006
Nov  5 21:22:20 ubuntu kernel: [    0.000000] Hypervisor detected: KVM
Nov  5 21:22:20 ubuntu kernel: [    0.000000] e820: update [mem 0x00000000-0x00000fff] usable ==> reserved
Nov  5 21:22:20 ubuntu kernel: [    0.000000] e820: remove [mem 0x000a0000-0x000fffff] usable
Nov  5 21:22:20 ubuntu kernel: [    0.000000] e820: last_pfn = 0x7fff0 max_arch_pfn = 0x400000000
Nov  5 21:22:20 ubuntu kernel: [    0.000000] MTRR default type: uncachable
Nov  5 21:22:20 ubuntu kernel: [    0.000000] MTRR variable ranges disabled:
Nov  5 21:22:20 ubuntu kernel: [    0.000000] x86/PAT: Configuration [0-7]: WB  WC  UC- UC  WB  WC  UC- WT  
Nov  5 21:22:20 ubuntu kernel: [    0.000000] MTRR: Disabled
Nov  5 21:22:20 ubuntu kernel: [    0.000000] CPU MTRRs all blank - virtualized system.
Nov  5 21:22:20 ubuntu kernel: [    0.000000] found SMP MP-table at [mem 0x0009fff0-0x0009ffff] mapped at [ffff88000009fff0]
Nov  5 21:22:20 ubuntu kernel: [    0.000000] Scanning 1 areas for low memory corruption
Nov  5 21:22:20 ubuntu kernel: [    0.000000] Base memory trampoline at [ffff880000099000] 99000 size 24576
Nov  5 21:22:20 ubuntu kernel: [    0.000000] BRK [0x02200000, 0x02200fff] PGTABLE
Nov  5 21:22:20 ubuntu kernel: [    0.000000] BRK [0x02201000, 0x02201fff] PGTABLE
Nov  5 21:22:20 ubuntu kernel: [    0.000000] BRK [0x02202000, 0x02202fff] PGTABLE
Nov  5 21:22:20 ubuntu kernel: [    0.000000] BRK [0x02203000, 0x02203fff] PGTABLE
Nov  5 21:22:20 ubuntu kernel: [    0.000000] BRK [0x02204000, 0x02204fff] PGTABLE
Nov  5 21:22:20 ubuntu kernel: [    0.000000] RAMDISK: [mem 0x33bd4000-0x35de1fff]
Nov  5 21:22:20 ubuntu kernel: [    0.000000] ACPI: Early table checksum verification disabled
Nov  5 21:22:20 ubuntu kernel: [    0.000000] ACPI: RSDP 0x00000000000E0000 000024 (v02 VBOX  )
Nov  5 21:22:20 ubuntu kernel: [    0.000000] ACPI: XSDT 0x000000007FFF0030 00003C (v01 VBOX   VBOXXSDT 00000001 ASL  00000061)
Nov  5 21:22:20 ubuntu kernel: [    0.000000] ACPI: FACP 0x000000007FFF00F0 0000F4 (v04 VBOX   VBOXFACP 00000001 ASL  00000061)
Nov  5 21:22:20 ubuntu kernel: [    0.000000] ACPI: DSDT 0x000000007FFF0470 00210F (v01 VBOX   VBOXBIOS 00000002 INTL 20100528)
Nov  5 21:22:20 ubuntu kernel: [    0.000000] ACPI: FACS 0x000000007FFF0200 000040
Nov  5 21:22:20 ubuntu kernel: [    0.000000] ACPI: FACS 0x000000007FFF0200 000040
Nov  5 21:22:20 ubuntu kernel: [    0.000000] ACPI: APIC 0x000000007FFF0240 00005C (v02 VBOX   VBOXAPIC 00000001 ASL  00000061)
Nov  5 21:22:20 ubuntu kernel: [    0.000000] ACPI: SSDT 0x000000007FFF02A0 0001CC (v01 VBOX   VBOXCPUT 00000002 INTL 20100528)
Nov  5 21:22:20 ubuntu kernel: [    0.000000] ACPI: Local APIC address 0xfee00000
Nov  5 21:22:20 ubuntu kernel: [    0.000000] No NUMA configuration found
Nov  5 21:22:20 ubuntu kernel: [    0.000000] Faking a node at [mem 0x0000000000000000-0x000000007ffeffff]
Nov  5 21:22:20 ubuntu kernel: [    0.000000] NODE_DATA(0) allocated [mem 0x7ffeb000-0x7ffeffff]
Nov  5 21:22:20 ubuntu kernel: [    0.000000] kvm-clock: Using msrs 4b564d01 and 4b564d00
Nov  5 21:22:20 ubuntu kernel: [    0.000000] kvm-clock: cpu 0, msr 0:7ffe7001, primary cpu clock
Nov  5 21:22:20 ubuntu kernel: [    0.000000] kvm-clock: using sched offset of 988787170825 cycles
Nov  5 21:22:20 ubuntu kernel: [    0.000000] clocksource: kvm-clock: mask: 0xffffffffffffffff max_cycles: 0x1cd42e4dffb, max_idle_ns: 881590591483 ns
Nov  5 21:22:20 ubuntu kernel: [    0.000000] Zone ranges:
Nov  5 21:22:20 ubuntu kernel: [    0.000000]   DMA      [mem 0x0000000000001000-0x0000000000ffffff]
Nov  5 21:22:20 ubuntu kernel: [    0.000000]   DMA32    [mem 0x0000000001000000-0x000000007ffeffff]
Nov  5 21:22:20 ubuntu kernel: [    0.000000]   Normal   empty
Nov  5 21:22:20 ubuntu kernel: [    0.000000]   Device   empty
Nov  5 21:22:20 ubuntu kernel: [    0.000000] Movable zone start for each node
Nov  5 21:22:20 ubuntu kernel: [    0.000000] Early memory node ranges
Nov  5 21:22:20 ubuntu kernel: [    0.000000]   node   0: [mem 0x0000000000001000-0x000000000009efff]
Nov  5 21:22:20 ubuntu kernel: [    0.000000]   node   0: [mem 0x0000000000100000-0x000000007ffeffff]
Nov  5 21:22:20 ubuntu kernel: [    0.000000] Initmem setup node 0 [mem 0x0000000000001000-0x000000007ffeffff]
Nov  5 21:22:20 ubuntu kernel: [    0.000000] On node 0 totalpages: 524174
Nov  5 21:22:20 ubuntu kernel: [    0.000000]   DMA zone: 64 pages used for memmap
Nov  5 21:22:20 ubuntu kernel: [    0.000000]   DMA zone: 21 pages reserved
Nov  5 21:22:20 ubuntu kernel: [    0.000000]   DMA zone: 3998 pages, LIFO batch:0
Nov  5 21:22:20 ubuntu kernel: [    0.000000]   DMA32 zone: 8128 pages used for memmap
Nov  5 21:22:20 ubuntu kernel: [    0.000000]   DMA32 zone: 520176 pages, LIFO batch:31
Nov  5 21:22:20 ubuntu kernel: [    0.000000] ACPI: PM-Timer IO Port: 0x4008
Nov  5 21:22:20 ubuntu kernel: [    0.000000] ACPI: Local APIC address 0xfee00000
Nov  5 21:22:20 ubuntu kernel: [    0.000000] IOAPIC[0]: apic_id 2, version 32, address 0xfec00000, GSI 0-23
Nov  5 21:22:20 ubuntu kernel: [    0.000000] ACPI: INT_SRC_OVR (bus 0 bus_irq 0 global_irq 2 dfl dfl)
Nov  5 21:22:20 ubuntu kernel: [    0.000000] ACPI: INT_SRC_OVR (bus 0 bus_irq 9 global_irq 9 high level)
Nov  5 21:22:20 ubuntu kernel: [    0.000000] ACPI: IRQ0 used by override.
Nov  5 21:22:20 ubuntu kernel: [    0.000000] ACPI: IRQ9 used by override.
Nov  5 21:22:20 ubuntu kernel: [    0.000000] Using ACPI (MADT) for SMP configuration information
Nov  5 21:22:20 ubuntu kernel: [    0.000000] smpboot: Allowing 2 CPUs, 0 hotplug CPUs
Nov  5 21:22:20 ubuntu kernel: [    0.000000] PM: Registered nosave memory: [mem 0x00000000-0x00000fff]
Nov  5 21:22:20 ubuntu kernel: [    0.000000] PM: Registered nosave memory: [mem 0x0009f000-0x0009ffff]
Nov  5 21:22:20 ubuntu kernel: [    0.000000] PM: Registered nosave memory: [mem 0x000a0000-0x000effff]
Nov  5 21:22:20 ubuntu kernel: [    0.000000] PM: Registered nosave memory: [mem 0x000f0000-0x000fffff]
Nov  5 21:22:20 ubuntu kernel: [    0.000000] e820: [mem 0x80000000-0xfebfffff] available for PCI devices
Nov  5 21:22:20 ubuntu kernel: [    0.000000] Booting paravirtualized kernel on KVM
Nov  5 21:22:20 ubuntu kernel: [    0.000000] clocksource: refined-jiffies: mask: 0xffffffff max_cycles: 0xffffffff, max_idle_ns: 7645519600211568 ns
Nov  5 21:22:20 ubuntu kernel: [    0.000000] setup_percpu: NR_CPUS:256 nr_cpumask_bits:256 nr_cpu_ids:2 nr_node_ids:1
Nov  5 21:22:20 ubuntu kernel: [    0.000000] PERCPU: Embedded 33 pages/cpu @ffff88007fc00000 s98008 r8192 d28968 u1048576
Nov  5 21:22:20 ubuntu kernel: [    0.000000] pcpu-alloc: s98008 r8192 d28968 u1048576 alloc=1*2097152
Nov  5 21:22:20 ubuntu kernel: [    0.000000] pcpu-alloc: [0] 0 1 
Nov  5 21:22:20 ubuntu kernel: [    0.000000] PV qspinlock hash table entries: 256 (order: 0, 4096 bytes)
Nov  5 21:22:20 ubuntu kernel: [    0.000000] Built 1 zonelists in Node order, mobility grouping on.  Total pages: 515961
Nov  5 21:22:20 ubuntu kernel: [    0.000000] Policy zone: DMA32
Nov  5 21:22:20 ubuntu kernel: [    0.000000] Kernel command line: BOOT_IMAGE=/vmlinuz-4.4.0-31-generic root=/dev/mapper/ubuntu--vg-root ro
Nov  5 21:22:20 ubuntu kernel: [    0.000000] PID hash table entries: 4096 (order: 3, 32768 bytes)
Nov  5 21:22:20 ubuntu kernel: [    0.000000] Calgary: detecting Calgary via BIOS EBDA area
Nov  5 21:22:20 ubuntu kernel: [    0.000000] Calgary: Unable to locate Rio Grande table in EBDA - bailing!
Nov  5 21:22:20 ubuntu kernel: [    0.000000] Memory: 2009960K/2096696K available (8393K kernel code, 1282K rwdata, 3940K rodata, 1480K init, 1292K bss, 86736K reserved, 0K cma-reserved)
Nov  5 21:22:20 ubuntu kernel: [    0.000000] SLUB: HWalign=64, Order=0-3, MinObjects=0, CPUs=2, Nodes=1
Nov  5 21:22:20 ubuntu kernel: [    0.000000] Hierarchical RCU implementation.
Nov  5 21:22:20 ubuntu kernel: [    0.000000] 	Build-time adjustment of leaf fanout to 64.
Nov  5 21:22:20 ubuntu kernel: [    0.000000] 	RCU restricting CPUs from NR_CPUS=256 to nr_cpu_ids=2.
Nov  5 21:22:20 ubuntu kernel: [    0.000000] RCU: Adjusting geometry for rcu_fanout_leaf=64, nr_cpu_ids=2
Nov  5 21:22:20 ubuntu kernel: [    0.000000] NR_IRQS:16640 nr_irqs:440 16
Nov  5 21:22:20 ubuntu kernel: [    0.000000] Console: colour VGA+ 80x25
Nov  5 21:22:20 ubuntu kernel: [    0.000000] console [tty0] enabled
Nov  5 21:22:20 ubuntu kernel: [    0.000000] tsc: Detected 3503.996 MHz processor
Nov  5 21:22:20 ubuntu kernel: [    0.118993] Calibrating delay loop (skipped) preset value.. 7007.99 BogoMIPS (lpj=14015984)
Nov  5 21:22:20 ubuntu kernel: [    0.119475] pid_max: default: 32768 minimum: 301
Nov  5 21:22:20 ubuntu kernel: [    0.119720] ACPI: Core revision 20150930
Nov  5 21:22:20 ubuntu kernel: [    0.120562] ACPI: 2 ACPI AML tables successfully acquired and loaded
Nov  5 21:22:20 ubuntu kernel: [    0.120909] Security Framework initialized
Nov  5 21:22:20 ubuntu kernel: [    0.121141] Yama: becoming mindful.
Nov  5 21:22:20 ubuntu kernel: [    0.121368] AppArmor: AppArmor initialized
Nov  5 21:22:20 ubuntu kernel: [    0.121682] Dentry cache hash table entries: 262144 (order: 9, 2097152 bytes)
Nov  5 21:22:20 ubuntu kernel: [    0.122169] Inode-cache hash table entries: 131072 (order: 8, 1048576 bytes)
Nov  5 21:22:20 ubuntu kernel: [    0.122554] Mount-cache hash table entries: 4096 (order: 3, 32768 bytes)
Nov  5 21:22:20 ubuntu kernel: [    0.122838] Mountpoint-cache hash table entries: 4096 (order: 3, 32768 bytes)
Nov  5 21:22:20 ubuntu kernel: [    0.123222] Initializing cgroup subsys io
Nov  5 21:22:20 ubuntu kernel: [    0.123455] Initializing cgroup subsys memory
Nov  5 21:22:20 ubuntu kernel: [    0.123695] Initializing cgroup subsys devices
Nov  5 21:22:20 ubuntu kernel: [    0.123935] Initializing cgroup subsys freezer
Nov  5 21:22:20 ubuntu kernel: [    0.124206] Initializing cgroup subsys net_cls
Nov  5 21:22:20 ubuntu kernel: [    0.124445] Initializing cgroup subsys perf_event
Nov  5 21:22:20 ubuntu kernel: [    0.124689] Initializing cgroup subsys net_prio
Nov  5 21:22:20 ubuntu kernel: [    0.124929] Initializing cgroup subsys hugetlb
Nov  5 21:22:20 ubuntu kernel: [    0.125168] Initializing cgroup subsys pids
Nov  5 21:22:20 ubuntu kernel: [    0.125456] CPU: Physical Processor ID: 0
Nov  5 21:22:20 ubuntu kernel: [    0.125691] CPU: Processor Core ID: 0
Nov  5 21:22:20 ubuntu kernel: [    0.126765] mce: CPU supports 0 MCE banks
Nov  5 21:22:20 ubuntu kernel: [    0.127007] Last level iTLB entries: 4KB 128, 2MB 8, 4MB 8
Nov  5 21:22:20 ubuntu kernel: [    0.127265] Last level dTLB entries: 4KB 64, 2MB 0, 4MB 0, 1GB 4
Nov  5 21:22:20 ubuntu kernel: [    0.128860] Freeing SMP alternatives memory: 28K (ffffffff820b4000 - ffffffff820bb000)
Nov  5 21:22:20 ubuntu kernel: [    0.134852] ftrace: allocating 31994 entries in 125 pages
Nov  5 21:22:20 ubuntu kernel: [    0.162266] smpboot: Max logical packages: 1
Nov  5 21:22:20 ubuntu kernel: [    0.173560] smpboot: APIC(0) Converting physical 0 to logical package 0
Nov  5 21:22:20 ubuntu kernel: [    0.174040] x2apic enabled
Nov  5 21:22:20 ubuntu kernel: [    0.174407] Switched APIC routing to physical x2apic.
Nov  5 21:22:20 ubuntu kernel: [    0.175445] ..TIMER: vector=0x30 apic1=0 pin1=2 apic2=-1 pin2=-1
Nov  5 21:22:20 ubuntu kernel: [    0.287853] APIC calibration not consistent with PM-Timer: 104ms instead of 100ms
Nov  5 21:22:20 ubuntu kernel: [    0.288288] APIC delta adjusted to PM-Timer: 6247367 (6502199)
Nov  5 21:22:20 ubuntu kernel: [    0.288590] smpboot: CPU0: Intel(R) Core(TM) i5-6600K CPU @ 3.50GHz (family: 0x6, model: 0x5e, stepping: 0x3)
Nov  5 21:22:20 ubuntu kernel: [    0.289156] Performance Events: unsupported p6 CPU model 94 no PMU driver, software events only.
Nov  5 21:22:20 ubuntu kernel: [    0.289680] KVM setup paravirtual spinlock
Nov  5 21:22:20 ubuntu kernel: [    0.290338] x86: Booting SMP configuration:
Nov  5 21:22:20 ubuntu kernel: [    0.290582] .... node  #0, CPUs:      #1
Nov  5 21:22:20 ubuntu kernel: [    0.290895] kvm-clock: cpu 1, msr 0:7ffe7041, secondary cpu clock
Nov  5 21:22:20 ubuntu kernel: [    0.291833] mce: CPU supports 0 MCE banks
Nov  5 21:22:20 ubuntu kernel: [    0.293867] x86: Booted up 1 node, 2 CPUs
Nov  5 21:22:20 ubuntu kernel: [    0.294770] smpboot: Total of 2 processors activated (14015.98 BogoMIPS)
Nov  5 21:22:20 ubuntu kernel: [    0.295510] devtmpfs: initialized
Nov  5 21:22:20 ubuntu kernel: [    0.296604] evm: security.selinux
Nov  5 21:22:20 ubuntu kernel: [    0.296839] evm: security.SMACK64
Nov  5 21:22:20 ubuntu kernel: [    0.297057] evm: security.SMACK64EXEC
Nov  5 21:22:20 ubuntu kernel: [    0.297281] evm: security.SMACK64TRANSMUTE
Nov  5 21:22:20 ubuntu kernel: [    0.297513] evm: security.SMACK64MMAP
Nov  5 21:22:20 ubuntu kernel: [    0.297748] evm: security.ima
Nov  5 21:22:20 ubuntu kernel: [    0.297959] evm: security.capability
Nov  5 21:22:20 ubuntu kernel: [    0.298398] clocksource: jiffies: mask: 0xffffffff max_cycles: 0xffffffff, max_idle_ns: 7645041785100000 ns
Nov  5 21:22:20 ubuntu kernel: [    0.298991] pinctrl core: initialized pinctrl subsystem
Nov  5 21:22:20 ubuntu kernel: [    0.299310] RTC time:  1:22:09, date: 11/06/16
Nov  5 21:22:20 ubuntu kernel: [    0.299675] NET: Registered protocol family 16
Nov  5 21:22:20 ubuntu kernel: [    0.309745] cpuidle: using governor ladder
Nov  5 21:22:20 ubuntu kernel: [    0.322491] cpuidle: using governor menu
Nov  5 21:22:20 ubuntu kernel: [    0.322734] PCCT header not found.
Nov  5 21:22:20 ubuntu kernel: [    0.322991] ACPI: bus type PCI registered
Nov  5 21:22:20 ubuntu kernel: [    0.323223] acpiphp: ACPI Hot Plug PCI Controller Driver version: 0.5
Nov  5 21:22:20 ubuntu kernel: [    0.323579] PCI: Using configuration type 1 for base access
Nov  5 21:22:20 ubuntu kernel: [    0.334706] ACPI: Added _OSI(Module Device)
Nov  5 21:22:20 ubuntu kernel: [    0.334951] ACPI: Added _OSI(Processor Device)
Nov  5 21:22:20 ubuntu kernel: [    0.335375] ACPI: Added _OSI(3.0 _SCP Extensions)
Nov  5 21:22:20 ubuntu kernel: [    0.335619] ACPI: Added _OSI(Processor Aggregator Device)
Nov  5 21:22:20 ubuntu kernel: [    0.336356] ACPI: Executed 1 blocks of module-level executable AML code
Nov  5 21:22:20 ubuntu kernel: [    0.337894] ACPI: Interpreter enabled
Nov  5 21:22:20 ubuntu kernel: [    0.338284] ACPI Exception: AE_NOT_FOUND, While evaluating Sleep State [\_S1_] (20150930/hwxface-580)
Nov  5 21:22:20 ubuntu kernel: [    0.338800] ACPI Exception: AE_NOT_FOUND, While evaluating Sleep State [\_S2_] (20150930/hwxface-580)
Nov  5 21:22:20 ubuntu kernel: [    0.339316] ACPI Exception: AE_NOT_FOUND, While evaluating Sleep State [\_S3_] (20150930/hwxface-580)
Nov  5 21:22:20 ubuntu kernel: [    0.339882] ACPI Exception: AE_NOT_FOUND, While evaluating Sleep State [\_S4_] (20150930/hwxface-580)
Nov  5 21:22:20 ubuntu kernel: [    0.340497] ACPI: (supports S0 S5)
Nov  5 21:22:20 ubuntu kernel: [    0.340716] ACPI: Using IOAPIC for interrupt routing
Nov  5 21:22:20 ubuntu kernel: [    0.341087] PCI: Using host bridge windows from ACPI; if necessary, use "pci=nocrs" and report a bug
Nov  5 21:22:20 ubuntu kernel: [    0.343641] ACPI: PCI Root Bridge [PCI0] (domain 0000 [bus 00-ff])
Nov  5 21:22:20 ubuntu kernel: [    0.343916] acpi PNP0A03:00: _OSC: OS supports [ASPM ClockPM Segments MSI]
Nov  5 21:22:20 ubuntu kernel: [    0.344201] acpi PNP0A03:00: _OSC failed (AE_NOT_FOUND); disabling ASPM
Nov  5 21:22:20 ubuntu kernel: [    0.344482] acpi PNP0A03:00: fail to add MMCONFIG information, can't access extended PCI configuration space under this bridge.
Nov  5 21:22:20 ubuntu kernel: [    0.345235] PCI host bridge to bus 0000:00
Nov  5 21:22:20 ubuntu kernel: [    0.345469] pci_bus 0000:00: root bus resource [io  0x0000-0x0cf7 window]
Nov  5 21:22:20 ubuntu kernel: [    0.345750] pci_bus 0000:00: root bus resource [io  0x0d00-0xffff window]
Nov  5 21:22:20 ubuntu kernel: [    0.346032] pci_bus 0000:00: root bus resource [mem 0x000a0000-0x000bffff window]
Nov  5 21:22:20 ubuntu kernel: [    0.346455] pci_bus 0000:00: root bus resource [mem 0x80000000-0xffdfffff window]
Nov  5 21:22:20 ubuntu kernel: [    0.346966] pci_bus 0000:00: root bus resource [bus 00-ff]
Nov  5 21:22:20 ubuntu kernel: [    0.347246] pci 0000:00:00.0: [8086:1237] type 00 class 0x060000
Nov  5 21:22:20 ubuntu kernel: [    0.347538] pci 0000:00:01.0: [8086:7000] type 00 class 0x060100
Nov  5 21:22:20 ubuntu kernel: [    0.347980] pci 0000:00:01.1: [8086:7111] type 00 class 0x01018a
Nov  5 21:22:20 ubuntu kernel: [    0.348271] pci 0000:00:01.1: reg 0x20: [io  0xd000-0xd00f]
Nov  5 21:22:20 ubuntu kernel: [    0.348384] pci 0000:00:01.1: legacy IDE quirk: reg 0x10: [io  0x01f0-0x01f7]
Nov  5 21:22:20 ubuntu kernel: [    0.348673] pci 0000:00:01.1: legacy IDE quirk: reg 0x14: [io  0x03f6]
Nov  5 21:22:20 ubuntu kernel: [    0.348951] pci 0000:00:01.1: legacy IDE quirk: reg 0x18: [io  0x0170-0x0177]
Nov  5 21:22:20 ubuntu kernel: [    0.349240] pci 0000:00:01.1: legacy IDE quirk: reg 0x1c: [io  0x0376]
Nov  5 21:22:20 ubuntu kernel: [    0.349692] pci 0000:00:02.0: [80ee:beef] type 00 class 0x030000
Nov  5 21:22:20 ubuntu kernel: [    0.350575] pci 0000:00:02.0: reg 0x10: [mem 0xe0000000-0xe0ffffff pref]
Nov  5 21:22:20 ubuntu kernel: [    0.356218] pci 0000:00:03.0: [8086:100e] type 00 class 0x020000
Nov  5 21:22:20 ubuntu kernel: [    0.356973] pci 0000:00:03.0: reg 0x10: [mem 0xf0000000-0xf001ffff]
Nov  5 21:22:20 ubuntu kernel: [    0.358183] pci 0000:00:03.0: reg 0x18: [io  0xd010-0xd017]
Nov  5 21:22:20 ubuntu kernel: [    0.360809] pci 0000:00:04.0: [80ee:cafe] type 00 class 0x088000
Nov  5 21:22:20 ubuntu kernel: [    0.361432] pci 0000:00:04.0: reg 0x10: [io  0xd020-0xd03f]
Nov  5 21:22:20 ubuntu kernel: [    0.362017] pci 0000:00:04.0: reg 0x14: [mem 0xf0400000-0xf07fffff]
Nov  5 21:22:20 ubuntu kernel: [    0.362555] pci 0000:00:04.0: reg 0x18: [mem 0xf0800000-0xf0803fff pref]
Nov  5 21:22:20 ubuntu kernel: [    0.364855] pci 0000:00:05.0: [8086:2415] type 00 class 0x040100
Nov  5 21:22:20 ubuntu kernel: [    0.364918] pci 0000:00:05.0: reg 0x10: [io  0xd100-0xd1ff]
Nov  5 21:22:20 ubuntu kernel: [    0.364955] pci 0000:00:05.0: reg 0x14: [io  0xd200-0xd23f]
Nov  5 21:22:20 ubuntu kernel: [    0.365247] pci 0000:00:06.0: [106b:003f] type 00 class 0x0c0310
Nov  5 21:22:20 ubuntu kernel: [    0.365835] pci 0000:00:06.0: reg 0x10: [mem 0xf0804000-0xf0804fff]
Nov  5 21:22:20 ubuntu kernel: [    0.370030] pci 0000:00:07.0: [8086:7113] type 00 class 0x068000
Nov  5 21:22:20 ubuntu kernel: [    0.370310] pci 0000:00:07.0: quirk: [io  0x4000-0x403f] claimed by PIIX4 ACPI
Nov  5 21:22:20 ubuntu kernel: [    0.370744] pci 0000:00:07.0: quirk: [io  0x4100-0x410f] claimed by PIIX4 SMB
Nov  5 21:22:20 ubuntu kernel: [    0.371190] pci 0000:00:0d.0: [8086:2829] type 00 class 0x010601
Nov  5 21:22:20 ubuntu kernel: [    0.371964] pci 0000:00:0d.0: reg 0x10: [io  0xd240-0xd247]
Nov  5 21:22:20 ubuntu kernel: [    0.373327] pci 0000:00:0d.0: reg 0x18: [io  0xd250-0xd257]
Nov  5 21:22:20 ubuntu kernel: [    0.374566] pci 0000:00:0d.0: reg 0x20: [io  0xd260-0xd26f]
Nov  5 21:22:20 ubuntu kernel: [    0.375221] pci 0000:00:0d.0: reg 0x24: [mem 0xf0806000-0xf0807fff]
Nov  5 21:22:20 ubuntu kernel: [    0.376589] ACPI: PCI Interrupt Link [LNKA] (IRQs 5 9 10 *11)
Nov  5 21:22:20 ubuntu kernel: [    0.377154] ACPI: PCI Interrupt Link [LNKB] (IRQs 5 9 10 *11)
Nov  5 21:22:20 ubuntu kernel: [    0.377655] ACPI: PCI Interrupt Link [LNKC] (IRQs 5 9 *10 11)
Nov  5 21:22:20 ubuntu kernel: [    0.378141] ACPI: PCI Interrupt Link [LNKD] (IRQs 5 *9 10 11)
Nov  5 21:22:20 ubuntu kernel: [    0.378657] ACPI: Enabled 2 GPEs in block 00 to 07
Nov  5 21:22:20 ubuntu kernel: [    0.379133] vgaarb: setting as boot device: PCI:0000:00:02.0
Nov  5 21:22:20 ubuntu kernel: [    0.379397] vgaarb: device added: PCI:0000:00:02.0,decodes=io+mem,owns=io+mem,locks=none
Nov  5 21:22:20 ubuntu kernel: [    0.379833] vgaarb: loaded
Nov  5 21:22:20 ubuntu kernel: [    0.380039] vgaarb: bridge control possible 0000:00:02.0
Nov  5 21:22:20 ubuntu kernel: [    0.380436] SCSI subsystem initialized
Nov  5 21:22:20 ubuntu kernel: [    0.380768] libata version 3.00 loaded.
Nov  5 21:22:20 ubuntu kernel: [    0.380783] ACPI: bus type USB registered
Nov  5 21:22:20 ubuntu kernel: [    0.381026] usbcore: registered new interface driver usbfs
Nov  5 21:22:20 ubuntu kernel: [    0.381299] usbcore: registered new interface driver hub
Nov  5 21:22:20 ubuntu kernel: [    0.381565] usbcore: registered new device driver usb
Nov  5 21:22:20 ubuntu kernel: [    0.381985] PCI: Using ACPI for IRQ routing
Nov  5 21:22:20 ubuntu kernel: [    0.382227] PCI: pci_cache_line_size set to 64 bytes
Nov  5 21:22:20 ubuntu kernel: [    0.382329] e820: reserve RAM buffer [mem 0x0009fc00-0x0009ffff]
Nov  5 21:22:20 ubuntu kernel: [    0.382330] e820: reserve RAM buffer [mem 0x7fff0000-0x7fffffff]
Nov  5 21:22:20 ubuntu kernel: [    0.382396] NetLabel: Initializing
Nov  5 21:22:20 ubuntu kernel: [    0.382618] NetLabel:  domain hash size = 128
Nov  5 21:22:20 ubuntu kernel: [    0.382855] NetLabel:  protocols = UNLABELED CIPSOv4
Nov  5 21:22:20 ubuntu kernel: [    0.383118] NetLabel:  unlabeled traffic allowed by default
Nov  5 21:22:20 ubuntu kernel: [    0.383549] clocksource: Switched to clocksource kvm-clock
Nov  5 21:22:20 ubuntu kernel: [    0.387367] AppArmor: AppArmor Filesystem Enabled
Nov  5 21:22:20 ubuntu kernel: [    0.387655] pnp: PnP ACPI init
Nov  5 21:22:20 ubuntu kernel: [    0.387905] pnp 00:00: Plug and Play ACPI device, IDs PNP0303 (active)
Nov  5 21:22:20 ubuntu kernel: [    0.387951] pnp 00:01: Plug and Play ACPI device, IDs PNP0f03 (active)
Nov  5 21:22:20 ubuntu kernel: [    0.388265] pnp: PnP ACPI: found 2 devices
Nov  5 21:22:20 ubuntu kernel: [    0.397052] clocksource: acpi_pm: mask: 0xffffff max_cycles: 0xffffff, max_idle_ns: 2085701024 ns
Nov  5 21:22:20 ubuntu kernel: [    0.397510] pci_bus 0000:00: resource 4 [io  0x0000-0x0cf7 window]
Nov  5 21:22:20 ubuntu kernel: [    0.397512] pci_bus 0000:00: resource 5 [io  0x0d00-0xffff window]
Nov  5 21:22:20 ubuntu kernel: [    0.397513] pci_bus 0000:00: resource 6 [mem 0x000a0000-0x000bffff window]
Nov  5 21:22:20 ubuntu kernel: [    0.397514] pci_bus 0000:00: resource 7 [mem 0x80000000-0xffdfffff window]
Nov  5 21:22:20 ubuntu kernel: [    0.397530] NET: Registered protocol family 2
Nov  5 21:22:20 ubuntu kernel: [    0.397846] TCP established hash table entries: 16384 (order: 5, 131072 bytes)
Nov  5 21:22:20 ubuntu kernel: [    0.398505] TCP bind hash table entries: 16384 (order: 6, 262144 bytes)
Nov  5 21:22:20 ubuntu kernel: [    0.398798] TCP: Hash tables configured (established 16384 bind 16384)
Nov  5 21:22:20 ubuntu kernel: [    0.399094] UDP hash table entries: 1024 (order: 3, 32768 bytes)
Nov  5 21:22:20 ubuntu kernel: [    0.399363] UDP-Lite hash table entries: 1024 (order: 3, 32768 bytes)
Nov  5 21:22:20 ubuntu kernel: [    0.399663] NET: Registered protocol family 1
Nov  5 21:22:20 ubuntu kernel: [    0.399945] pci 0000:00:00.0: Limiting direct PCI/PCI transfers
Nov  5 21:22:20 ubuntu kernel: [    0.400342] pci 0000:00:01.0: Activating ISA DMA hang workarounds
Nov  5 21:22:20 ubuntu kernel: [    0.400649] pci 0000:00:02.0: Video device with shadowed ROM
Nov  5 21:22:20 ubuntu kernel: [    0.401541] PCI: CLS 0 bytes, default 64
Nov  5 21:22:20 ubuntu kernel: [    0.401575] Trying to unpack rootfs image as initramfs...
Nov  5 21:22:20 ubuntu kernel: [    0.701493] Freeing initrd memory: 34872K (ffff880033bd4000 - ffff880035de2000)
Nov  5 21:22:20 ubuntu kernel: [    0.702008] platform rtc_cmos: registered platform RTC device (no PNP device found)
Nov  5 21:22:20 ubuntu kernel: [    0.702483] Scanning for low memory corruption every 60 seconds
Nov  5 21:22:20 ubuntu kernel: [    0.703071] futex hash table entries: 512 (order: 3, 32768 bytes)
Nov  5 21:22:20 ubuntu kernel: [    0.703363] audit: initializing netlink subsys (disabled)
Nov  5 21:22:20 ubuntu kernel: [    0.703629] audit: type=2000 audit(1478396317.726:1): initialized
Nov  5 21:22:20 ubuntu kernel: [    0.704053] Initialise system trusted keyring
Nov  5 21:22:20 ubuntu kernel: [    0.704523] HugeTLB registered 2 MB page size, pre-allocated 0 pages
Nov  5 21:22:20 ubuntu kernel: [    0.705619] zbud: loaded
Nov  5 21:22:20 ubuntu kernel: [    0.706014] VFS: Disk quotas dquot_6.6.0
Nov  5 21:22:20 ubuntu kernel: [    0.706265] VFS: Dquot-cache hash table entries: 512 (order 0, 4096 bytes)
Nov  5 21:22:20 ubuntu kernel: [    0.706693] squashfs: version 4.0 (2009/01/31) Phillip Lougher
Nov  5 21:22:20 ubuntu kernel: [    0.707195] fuse init (API version 7.23)
Nov  5 21:22:20 ubuntu kernel: [    0.707613] Key type big_key registered
Nov  5 21:22:20 ubuntu kernel: [    0.707858] Allocating IMA MOK and blacklist keyrings.
Nov  5 21:22:20 ubuntu kernel: [    0.709549] Key type asymmetric registered
Nov  5 21:22:20 ubuntu kernel: [    0.709786] Asymmetric key parser 'x509' registered
Nov  5 21:22:20 ubuntu kernel: [    0.710054] Block layer SCSI generic (bsg) driver version 0.4 loaded (major 249)
Nov  5 21:22:20 ubuntu kernel: [    0.710511] io scheduler noop registered
Nov  5 21:22:20 ubuntu kernel: [    0.710742] io scheduler deadline registered (default)
Nov  5 21:22:20 ubuntu kernel: [    0.711011] io scheduler cfq registered
Nov  5 21:22:20 ubuntu kernel: [    0.711297] pci_hotplug: PCI Hot Plug PCI Core version: 0.5
Nov  5 21:22:20 ubuntu kernel: [    0.711560] pciehp: PCI Express Hot Plug Controller Driver version: 0.4
Nov  5 21:22:20 ubuntu kernel: [    0.711867] intel_idle: does not run on family 6 model 94
Nov  5 21:22:20 ubuntu kernel: [    0.711918] ACPI: AC Adapter [AC] (on-line)
Nov  5 21:22:20 ubuntu kernel: [    0.712184] input: Power Button as /devices/LNXSYSTM:00/LNXPWRBN:00/input/input0
Nov  5 21:22:20 ubuntu kernel: [    0.712614] ACPI: Power Button [PWRF]
Nov  5 21:22:20 ubuntu kernel: [    0.712874] input: Sleep Button as /devices/LNXSYSTM:00/LNXSLPBN:00/input/input1
Nov  5 21:22:20 ubuntu kernel: [    0.713298] ACPI: Sleep Button [SLPF]
Nov  5 21:22:20 ubuntu kernel: [    0.713630] GHES: HEST is not enabled!
Nov  5 21:22:20 ubuntu kernel: [    0.713953] Serial: 8250/16550 driver, 32 ports, IRQ sharing enabled
Nov  5 21:22:20 ubuntu kernel: [    0.716621] Linux agpgart interface v0.103
Nov  5 21:22:20 ubuntu kernel: [    0.718809] brd: module loaded
Nov  5 21:22:20 ubuntu kernel: [    0.720147] loop: module loaded
Nov  5 21:22:20 ubuntu kernel: [    0.720447] ata_piix 0000:00:01.1: version 2.13
Nov  5 21:22:20 ubuntu kernel: [    0.720717] scsi host0: ata_piix
Nov  5 21:22:20 ubuntu kernel: [    0.721017] scsi host1: ata_piix
Nov  5 21:22:20 ubuntu kernel: [    0.721254] ata1: PATA max UDMA/33 cmd 0x1f0 ctl 0x3f6 bmdma 0xd000 irq 14
Nov  5 21:22:20 ubuntu kernel: [    0.721538] ata2: PATA max UDMA/33 cmd 0x170 ctl 0x376 bmdma 0xd008 irq 15
Nov  5 21:22:20 ubuntu kernel: [    0.721883] libphy: Fixed MDIO Bus: probed
Nov  5 21:22:20 ubuntu kernel: [    0.722130] tun: Universal TUN/TAP device driver, 1.6
Nov  5 21:22:20 ubuntu kernel: [    0.722388] tun: (C) 1999-2004 Max Krasnyansky <maxk@qualcomm.com>
Nov  5 21:22:20 ubuntu kernel: [    0.722710] PPP generic driver version 2.4.2
Nov  5 21:22:20 ubuntu kernel: [    0.722997] ehci_hcd: USB 2.0 'Enhanced' Host Controller (EHCI) Driver
Nov  5 21:22:20 ubuntu kernel: [    0.723276] ehci-pci: EHCI PCI platform driver
Nov  5 21:22:20 ubuntu kernel: [    0.723520] ehci-platform: EHCI generic platform driver
Nov  5 21:22:20 ubuntu kernel: [    0.723777] ohci_hcd: USB 1.1 'Open' Host Controller (OHCI) Driver
Nov  5 21:22:20 ubuntu kernel: [    0.724049] ohci-pci: OHCI PCI platform driver
Nov  5 21:22:20 ubuntu kernel: [    0.724628] ohci-pci 0000:00:06.0: OHCI PCI host controller
Nov  5 21:22:20 ubuntu kernel: [    0.724891] ohci-pci 0000:00:06.0: new USB bus registered, assigned bus number 1
Nov  5 21:22:20 ubuntu kernel: [    0.725352] ohci-pci 0000:00:06.0: irq 22, io mem 0xf0804000
Nov  5 21:22:20 ubuntu kernel: [    0.780190] usb usb1: New USB device found, idVendor=1d6b, idProduct=0001
Nov  5 21:22:20 ubuntu kernel: [    0.780477] usb usb1: New USB device strings: Mfr=3, Product=2, SerialNumber=1
Nov  5 21:22:20 ubuntu kernel: [    0.780897] usb usb1: Product: OHCI PCI host controller
Nov  5 21:22:20 ubuntu kernel: [    0.781151] usb usb1: Manufacturer: Linux 4.4.0-31-generic ohci_hcd
Nov  5 21:22:20 ubuntu kernel: [    0.781423] usb usb1: SerialNumber: 0000:00:06.0
Nov  5 21:22:20 ubuntu kernel: [    0.781842] hub 1-0:1.0: USB hub found
Nov  5 21:22:20 ubuntu kernel: [    0.782079] hub 1-0:1.0: 12 ports detected
Nov  5 21:22:20 ubuntu kernel: [    0.782514] ohci-platform: OHCI generic platform driver
Nov  5 21:22:20 ubuntu kernel: [    0.782783] uhci_hcd: USB Universal Host Controller Interface driver
Nov  5 21:22:20 ubuntu kernel: [    0.783092] i8042: PNP: PS/2 Controller [PNP0303:PS2K,PNP0f03:PS2M] at 0x60,0x64 irq 1,12
Nov  5 21:22:20 ubuntu kernel: [    0.784825] serio: i8042 KBD port at 0x60,0x64 irq 1
Nov  5 21:22:20 ubuntu kernel: [    0.791603] serio: i8042 AUX port at 0x60,0x64 irq 12
Nov  5 21:22:20 ubuntu kernel: [    0.792251] mousedev: PS/2 mouse device common for all mice
Nov  5 21:22:20 ubuntu kernel: [    0.792994] input: AT Translated Set 2 keyboard as /devices/platform/i8042/serio0/input/input2
Nov  5 21:22:20 ubuntu kernel: [    0.793855] rtc_cmos rtc_cmos: rtc core: registered rtc_cmos as rtc0
Nov  5 21:22:20 ubuntu kernel: [    0.794166] rtc_cmos rtc_cmos: alarms up to one day, 114 bytes nvram
Nov  5 21:22:20 ubuntu kernel: [    0.794449] i2c /dev entries driver
Nov  5 21:22:20 ubuntu kernel: [    0.794705] device-mapper: uevent: version 1.0.3
Nov  5 21:22:20 ubuntu kernel: [    0.795076] device-mapper: ioctl: 4.34.0-ioctl (2015-10-28) initialised: dm-devel@redhat.com
Nov  5 21:22:20 ubuntu kernel: [    0.795536] ledtrig-cpu: registered to indicate activity on CPUs
Nov  5 21:22:20 ubuntu kernel: [    0.796488] NET: Registered protocol family 10
Nov  5 21:22:20 ubuntu kernel: [    0.796958] NET: Registered protocol family 17
Nov  5 21:22:20 ubuntu kernel: [    0.797207] Key type dns_resolver registered
Nov  5 21:22:20 ubuntu kernel: [    0.797678] microcode: CPU0 sig=0x506e3, pf=0x2, revision=0x0
Nov  5 21:22:20 ubuntu kernel: [    0.797987] microcode: CPU1 sig=0x506e3, pf=0x2, revision=0x0
Nov  5 21:22:20 ubuntu kernel: [    0.798364] microcode: Microcode Update Driver: v2.01 <tigran@aivazian.fsnet.co.uk>, Peter Oruba
Nov  5 21:22:20 ubuntu kernel: [    0.799352] registered taskstats version 1
Nov  5 21:22:20 ubuntu kernel: [    0.799600] Loading compiled-in X.509 certificates
Nov  5 21:22:20 ubuntu kernel: [    0.800212] Loaded X.509 cert 'Build time autogenerated kernel key: cfb4d0870811f0d88a3f3259915bd8e83759f99c'
Nov  5 21:22:20 ubuntu kernel: [    0.800729] zswap: loaded using pool lzo/zbud
Nov  5 21:22:20 ubuntu kernel: [    0.802206] Key type trusted registered
Nov  5 21:22:20 ubuntu kernel: [    0.816089] Key type encrypted registered
Nov  5 21:22:20 ubuntu kernel: [    0.816329] AppArmor: AppArmor sha1 policy hashing enabled
Nov  5 21:22:20 ubuntu kernel: [    0.816584] ima: No TPM chip found, activating TPM-bypass!
Nov  5 21:22:20 ubuntu kernel: [    0.816856] evm: HMAC attrs: 0x1
Nov  5 21:22:20 ubuntu kernel: [    0.817301]   Magic number: 8:406:356
Nov  5 21:22:20 ubuntu kernel: [    0.817527] input event2: hash matches
Nov  5 21:22:20 ubuntu kernel: [    0.817836] rtc_cmos rtc_cmos: setting system clock to 2016-11-06 01:22:09 UTC (1478395329)
Nov  5 21:22:20 ubuntu kernel: [    0.818459] BIOS EDD facility v0.16 2004-Jun-25, 0 devices found
Nov  5 21:22:20 ubuntu kernel: [    0.818726] EDD information not available.
Nov  5 21:22:20 ubuntu kernel: [    0.818983] PM: Hibernation image not present or could not be loaded.
Nov  5 21:22:20 ubuntu kernel: [    0.875785] ata2.00: ATAPI: VBOX CD-ROM, 1.0, max UDMA/133
Nov  5 21:22:20 ubuntu kernel: [    0.876310] ata2.00: configured for UDMA/33
Nov  5 21:22:20 ubuntu kernel: [    0.877270] scsi 1:0:0:0: CD-ROM            VBOX     CD-ROM           1.0  PQ: 0 ANSI: 5
Nov  5 21:22:20 ubuntu kernel: [    0.886870] sr 1:0:0:0: [sr0] scsi3-mmc drive: 32x/32x xa/form2 tray
Nov  5 21:22:20 ubuntu kernel: [    0.887144] cdrom: Uniform CD-ROM driver Revision: 3.20
Nov  5 21:22:20 ubuntu kernel: [    0.887586] sr 1:0:0:0: Attached scsi CD-ROM sr0
Nov  5 21:22:20 ubuntu kernel: [    0.887675] sr 1:0:0:0: Attached scsi generic sg0 type 5
Nov  5 21:22:20 ubuntu kernel: [    0.888723] Freeing unused kernel memory: 1480K (ffffffff81f42000 - ffffffff820b4000)
Nov  5 21:22:20 ubuntu kernel: [    0.889144] Write protecting the kernel read-only data: 14336k
Nov  5 21:22:20 ubuntu kernel: [    0.889787] Freeing unused kernel memory: 1836K (ffff880001835000 - ffff880001a00000)
Nov  5 21:22:20 ubuntu kernel: [    0.890460] Freeing unused kernel memory: 156K (ffff880001dd9000 - ffff880001e00000)
Nov  5 21:22:20 ubuntu kernel: [    0.903928] random: systemd-udevd urandom read with 1 bits of entropy available
Nov  5 21:22:20 ubuntu kernel: [    0.916673] ahci 0000:00:0d.0: version 3.0
Nov  5 21:22:20 ubuntu kernel: [    0.917008] ahci 0000:00:0d.0: SSS flag set, parallel bus scan disabled
Nov  5 21:22:20 ubuntu kernel: [    0.917375] ahci 0000:00:0d.0: AHCI 0001.0100 32 slots 1 ports 3 Gbps 0x1 impl SATA mode
Nov  5 21:22:20 ubuntu kernel: [    0.917812] ahci 0000:00:0d.0: flags: 64bit ncq stag only ccc 
Nov  5 21:22:20 ubuntu kernel: [    0.922812] e1000: Intel(R) PRO/1000 Network Driver - version 7.3.21-k8-NAPI
Nov  5 21:22:20 ubuntu kernel: [    0.923105] e1000: Copyright (c) 1999-2006 Intel Corporation.
Nov  5 21:22:20 ubuntu kernel: [    0.924855] scsi host2: ahci
Nov  5 21:22:20 ubuntu kernel: [    0.925113] ata3: SATA max UDMA/133 abar m8192@0xf0806000 port 0xf0806100 irq 21
Nov  5 21:22:20 ubuntu kernel: [    0.933512] ACPI: Video Device [GFX0] (multi-head: yes  rom: no  post: no)
Nov  5 21:22:20 ubuntu kernel: [    0.933847] input: Video Bus as /devices/LNXSYSTM:00/LNXSYBUS:00/PNP0A03:00/LNXVIDEO:00/input/input4
Nov  5 21:22:20 ubuntu kernel: [    0.940825] FUJITSU Extended Socket Network Device Driver - version 1.0 - Copyright (c) 2015 FUJITSU LIMITED
Nov  5 21:22:20 ubuntu kernel: [    1.035435] AVX version of gcm_enc/dec engaged.
Nov  5 21:22:20 ubuntu kernel: [    1.036076] AES CTR mode by8 optimization enabled
Nov  5 21:22:20 ubuntu kernel: [    1.148353] input: ImExPS/2 Generic Explorer Mouse as /devices/platform/i8042/serio1/input/input5
Nov  5 21:22:20 ubuntu kernel: [    1.175309] usb 1-1: new full-speed USB device number 2 using ohci-pci
Nov  5 21:22:20 ubuntu kernel: [    1.243657] ata3: SATA link up 3.0 Gbps (SStatus 123 SControl 300)
Nov  5 21:22:20 ubuntu kernel: [    1.244013] ata3.00: ATA-6: VBOX HARDDISK, 1.0, max UDMA/133
Nov  5 21:22:20 ubuntu kernel: [    1.244283] ata3.00: 1048576000 sectors, multi 128: LBA48 NCQ (depth 31/32)
Nov  5 21:22:20 ubuntu kernel: [    1.244730] ata3.00: configured for UDMA/133
Nov  5 21:22:20 ubuntu kernel: [    1.245028] scsi 2:0:0:0: Direct-Access     ATA      VBOX HARDDISK    1.0  PQ: 0 ANSI: 5
Nov  5 21:22:20 ubuntu kernel: [    1.245699] sd 2:0:0:0: [sda] 1048576000 512-byte logical blocks: (537 GB/500 GiB)
Nov  5 21:22:20 ubuntu kernel: [    1.246156] sd 2:0:0:0: [sda] Write Protect is off
Nov  5 21:22:20 ubuntu kernel: [    1.246417] sd 2:0:0:0: [sda] Mode Sense: 00 3a 00 00
Nov  5 21:22:20 ubuntu kernel: [    1.246426] sd 2:0:0:0: Attached scsi generic sg1 type 0
Nov  5 21:22:20 ubuntu kernel: [    1.246749] sd 2:0:0:0: [sda] Write cache: enabled, read cache: enabled, doesn't support DPO or FUA
Nov  5 21:22:20 ubuntu kernel: [    1.260698]  sda: sda1 sda2 < sda5 >
Nov  5 21:22:20 ubuntu kernel: [    1.261068] sd 2:0:0:0: [sda] Attached SCSI disk
Nov  5 21:22:20 ubuntu kernel: [    1.297541] e1000 0000:00:03.0 eth0: (PCI:33MHz:32-bit) 08:00:27:b2:04:4e
Nov  5 21:22:20 ubuntu kernel: [    1.297827] e1000 0000:00:03.0 eth0: Intel(R) PRO/1000 Network Connection
Nov  5 21:22:20 ubuntu kernel: [    1.300881] e1000 0000:00:03.0 enp0s3: renamed from eth0
Nov  5 21:22:20 ubuntu kernel: [    1.464966] usb 1-1: New USB device found, idVendor=80ee, idProduct=0021
Nov  5 21:22:20 ubuntu kernel: [    1.465251] usb 1-1: New USB device strings: Mfr=1, Product=3, SerialNumber=0
Nov  5 21:22:20 ubuntu kernel: [    1.465537] usb 1-1: Product: USB Tablet
Nov  5 21:22:20 ubuntu kernel: [    1.465767] usb 1-1: Manufacturer: VirtualBox
Nov  5 21:22:20 ubuntu kernel: [    1.473016] hidraw: raw HID events driver (C) Jiri Kosina
Nov  5 21:22:20 ubuntu kernel: [    1.486920] usbcore: registered new interface driver usbhid
Nov  5 21:22:20 ubuntu kernel: [    1.487180] usbhid: USB HID core driver
Nov  5 21:22:20 ubuntu kernel: [    1.494702] input: VirtualBox USB Tablet as /devices/pci0000:00/0000:00:06.0/usb1/1-1/1-1:1.0/0003:80EE:0021.0001/input/input6
Nov  5 21:22:20 ubuntu kernel: [    1.495247] hid-generic 0003:80EE:0021.0001: input,hidraw0: USB HID v1.10 Mouse [VirtualBox USB Tablet] on usb-0000:00:06.0-1/input0
Nov  5 21:22:20 ubuntu kernel: [    1.706810] tsc: Refined TSC clocksource calibration: 3498.909 MHz
Nov  5 21:22:20 ubuntu kernel: [    1.707108] clocksource: tsc: mask: 0xffffffffffffffff max_cycles: 0x326f4a46e3b, max_idle_ns: 440795267264 ns
Nov  5 21:22:20 ubuntu kernel: [    4.032427] floppy0: no floppy controllers found
Nov  5 21:22:20 ubuntu kernel: [    5.171736] md: linear personality registered for level -1
Nov  5 21:22:20 ubuntu kernel: [    5.173642] md: multipath personality registered for level -4
Nov  5 21:22:20 ubuntu kernel: [    5.175302] md: raid0 personality registered for level 0
Nov  5 21:22:20 ubuntu kernel: [    5.177520] md: raid1 personality registered for level 1
Nov  5 21:22:20 ubuntu kernel: [    5.247946] raid6: sse2x1   gen() 12750 MB/s
Nov  5 21:22:20 ubuntu kernel: [    5.315888] raid6: sse2x1   xor()  8043 MB/s
Nov  5 21:22:20 ubuntu kernel: [    5.383780] raid6: sse2x2   gen() 15524 MB/s
Nov  5 21:22:20 ubuntu kernel: [    5.451905] raid6: sse2x2   xor() 10677 MB/s
Nov  5 21:22:20 ubuntu kernel: [    5.519872] raid6: sse2x4   gen() 16679 MB/s
Nov  5 21:22:20 ubuntu kernel: [    5.587653] raid6: sse2x4   xor() 11996 MB/s
Nov  5 21:22:20 ubuntu kernel: [    5.587893] raid6: using algorithm sse2x4 gen() 16679 MB/s
Nov  5 21:22:20 ubuntu kernel: [    5.588147] raid6: .... xor() 11996 MB/s, rmw enabled
Nov  5 21:22:20 ubuntu kernel: [    5.588392] raid6: using ssse3x2 recovery algorithm
Nov  5 21:22:20 ubuntu kernel: [    5.589383] xor: automatically using best checksumming function:
Nov  5 21:22:20 ubuntu kernel: [    5.627809]    avx       : 31723.000 MB/sec
Nov  5 21:22:20 ubuntu kernel: [    5.628854] async_tx: api initialized (async)
Nov  5 21:22:20 ubuntu kernel: [    5.633559] md: raid6 personality registered for level 6
Nov  5 21:22:20 ubuntu kernel: [    5.633825] md: raid5 personality registered for level 5
Nov  5 21:22:20 ubuntu kernel: [    5.634084] md: raid4 personality registered for level 4
Nov  5 21:22:20 ubuntu kernel: [    5.637318] md: raid10 personality registered for level 10
Nov  5 21:22:20 ubuntu kernel: [    6.059152] Btrfs loaded
Nov  5 21:22:20 ubuntu kernel: [    6.207395] EXT4-fs (dm-0): mounted filesystem with ordered data mode. Opts: (null)
Nov  5 21:22:20 ubuntu kernel: [    6.672042] random: nonblocking pool is initialized
Nov  5 21:22:20 ubuntu kernel: [    7.794781] Loading iSCSI transport class v2.0-870.
Nov  5 21:22:20 ubuntu kernel: [    7.856035] iscsi: registered transport (tcp)
Nov  5 21:22:20 ubuntu kernel: [    8.168247] iscsi: registered transport (iser)
Nov  5 21:22:20 ubuntu kernel: [    8.801708] EXT4-fs (dm-0): re-mounted. Opts: errors=remount-ro
Nov  5 21:22:20 ubuntu kernel: [    9.221811] piix4_smbus 0000:00:07.0: SMBus Host Controller at 0x4100, revision 0
Nov  5 21:22:20 ubuntu kernel: [    9.253243] vgdrvHeartbeatInit: Setting up heartbeat to trigger every 2000 milliseconds
Nov  5 21:22:20 ubuntu kernel: [    9.253387] input: Unspecified device as /devices/pci0000:00/0000:00:04.0/input/input7
Nov  5 21:22:20 ubuntu kernel: [    9.253449] vboxguest: misc device minor 55, IRQ 20, I/O port d020, MMIO at 00000000f0400000 (size 0x400000)
Nov  5 21:22:20 ubuntu kernel: [    9.253450] vboxguest: Successfully loaded version 5.0.18_Ubuntu (interface 0x00010004)
Nov  5 21:22:20 ubuntu kernel: [    9.446550] [drm] Initialized drm 1.1.0 20060810
Nov  5 21:22:20 ubuntu kernel: [    9.537119] snd_intel8x0 0000:00:05.0: disable (unknown or VT-d) VM optimization
Nov  5 21:22:20 ubuntu kernel: [    9.573824] intel_rapl: no valid rapl domains found in package 0
Nov  5 21:22:20 ubuntu kernel: [    9.608156] intel_rapl: no valid rapl domains found in package 0
Nov  5 21:22:20 ubuntu kernel: [    9.728082] ppdev: user-space parallel port driver
Nov  5 21:22:20 ubuntu kernel: [    9.905388] snd_intel8x0 0000:00:05.0: white list rate for 1028:0177 is 48000
Nov  5 21:22:20 ubuntu kernel: [    9.906662] [drm] VRAM 01000000
Nov  5 21:22:20 ubuntu kernel: [    9.908298] [TTM] Zone  kernel: Available graphics memory: 1024166 kiB
Nov  5 21:22:20 ubuntu kernel: [    9.908300] [TTM] Initializing pool allocator
Nov  5 21:22:20 ubuntu kernel: [    9.908303] [TTM] Initializing DMA pool allocator
Nov  5 21:22:20 ubuntu kernel: [    9.908494] fbcon: vboxdrmfb (fb0) is primary device
Nov  5 21:22:20 ubuntu kernel: [    9.913945] Console: switching to colour frame buffer device 100x37
Nov  5 21:22:20 ubuntu kernel: [    9.914543] vboxvideo 0000:00:02.0: fb0: vboxdrmfb frame buffer device
Nov  5 21:22:20 ubuntu kernel: [    9.923598] [drm] Initialized vboxvideo 1.0.0 20130823 for 0000:00:02.0 on minor 0
Nov  5 21:22:20 ubuntu kernel: [   10.164942] Adding 2097148k swap on /dev/mapper/ubuntu--vg-swap_1.  Priority:-1 extents:1 across:2097148k FS
Nov  5 21:22:20 ubuntu kernel: [   10.205590] EXT4-fs (sda1): mounting ext2 file system using the ext4 subsystem
Nov  5 21:22:20 ubuntu kernel: [   10.208201] EXT4-fs (sda1): mounted filesystem without journal. Opts: (null)
Nov  5 21:22:20 ubuntu kernel: [   10.964604] audit: type=1400 audit(1478395339.644:2): apparmor="STATUS" operation="profile_load" profile="unconfined" name="lxc-container-default" pid=1959 comm="apparmor_parser"
Nov  5 21:22:20 ubuntu kernel: [   10.964882] audit: type=1400 audit(1478395339.644:3): apparmor="STATUS" operation="profile_load" profile="unconfined" name="lxc-container-default-cgns" pid=1959 comm="apparmor_parser"
Nov  5 21:22:20 ubuntu kernel: [   10.965012] audit: type=1400 audit(1478395339.644:4): apparmor="STATUS" operation="profile_load" profile="unconfined" name="lxc-container-default-with-mounting" pid=1959 comm="apparmor_parser"
Nov  5 21:22:20 ubuntu kernel: [   10.965145] audit: type=1400 audit(1478395339.644:5): apparmor="STATUS" operation="profile_load" profile="unconfined" name="lxc-container-default-with-nesting" pid=1959 comm="apparmor_parser"
Nov  5 21:22:20 ubuntu kernel: [   10.967776] audit: type=1400 audit(1478395339.644:6): apparmor="STATUS" operation="profile_load" profile="unconfined" name="/sbin/dhclient" pid=1960 comm="apparmor_parser"
Nov  5 21:22:20 ubuntu kernel: [   10.967946] audit: type=1400 audit(1478395339.644:7): apparmor="STATUS" operation="profile_load" profile="unconfined" name="/usr/lib/NetworkManager/nm-dhcp-client.action" pid=1960 comm="apparmor_parser"
Nov  5 21:22:20 ubuntu kernel: [   10.968162] audit: type=1400 audit(1478395339.648:8): apparmor="STATUS" operation="profile_load" profile="unconfined" name="/usr/lib/NetworkManager/nm-dhcp-helper" pid=1960 comm="apparmor_parser"
Nov  5 21:22:20 ubuntu kernel: [   10.968290] audit: type=1400 audit(1478395339.648:9): apparmor="STATUS" operation="profile_load" profile="unconfined" name="/usr/lib/connman/scripts/dhclient-script" pid=1960 comm="apparmor_parser"
Nov  5 21:22:20 ubuntu kernel: [   10.970299] audit: type=1400 audit(1478395339.648:10): apparmor="STATUS" operation="profile_load" profile="unconfined" name="/usr/bin/lxc-start" pid=1962 comm="apparmor_parser"
Nov  5 21:22:20 ubuntu kernel: [   11.003249] audit: type=1400 audit(1478395339.680:11): apparmor="STATUS" operation="profile_load" profile="unconfined" name="/usr/bin/ubuntu-core-launcher" pid=1964 comm="apparmor_parser"
Nov  5 21:22:20 ubuntu kernel: [   11.401144] cgroup: new mount options do not match the existing superblock, will be ignored
Nov  5 21:22:20 ubuntu kernel: [   11.746440] IPv6: ADDRCONF(NETDEV_UP): enp0s3: link is not ready
Nov  5 21:22:20 ubuntu kernel: [   11.748285] e1000: enp0s3 NIC Link is Up 1000 Mbps Full Duplex, Flow Control: RX
Nov  5 21:22:20 ubuntu kernel: [   11.748508] IPv6: ADDRCONF(NETDEV_CHANGE): enp0s3: link becomes ready
Nov  5 21:22:21 ubuntu kernel: [   12.375584] floppy0: no floppy controllers found
Nov  5 21:25:59 ubuntu kernel: [  230.429002] IPv6: ADDRCONF(NETDEV_UP): enp0s3: link is not ready
Nov  5 21:25:59 ubuntu kernel: [  230.434077] e1000: enp0s3 NIC Link is Up 1000 Mbps Full Duplex, Flow Control: RX
Nov  5 21:25:59 ubuntu kernel: [  230.434291] IPv6: ADDRCONF(NETDEV_CHANGE): enp0s3: link becomes ready
Nov  5 21:26:21 ubuntu kernel: [  252.804834] IPv6: ADDRCONF(NETDEV_UP): enp0s3: link is not ready
Nov  5 21:26:21 ubuntu kernel: [  252.806469] e1000: enp0s3 NIC Link is Up 1000 Mbps Full Duplex, Flow Control: RX
Nov  5 21:26:21 ubuntu kernel: [  252.806738] IPv6: ADDRCONF(NETDEV_CHANGE): enp0s3: link becomes ready
Nov  5 21:26:44 ubuntu kernel: [  276.162107] IPv6: ADDRCONF(NETDEV_UP): enp0s3: link is not ready
Nov  5 21:26:44 ubuntu kernel: [  276.165719] e1000: enp0s3 NIC Link is Up 1000 Mbps Full Duplex, Flow Control: RX
Nov  5 21:26:44 ubuntu kernel: [  276.165965] IPv6: ADDRCONF(NETDEV_CHANGE): enp0s3: link becomes ready
Nov  5 21:27:20 ubuntu kernel: [  312.239862] e1000: enp0s3 NIC Link is Up 1000 Mbps Full Duplex, Flow Control: RX
Nov  5 21:27:31 ubuntu kernel: [  322.526476] IPv6: ADDRCONF(NETDEV_UP): enp0s3: link is not ready
Nov  5 21:27:31 ubuntu kernel: [  322.527008] e1000: enp0s3 NIC Link is Up 1000 Mbps Full Duplex, Flow Control: RX
Nov  5 21:27:31 ubuntu kernel: [  322.527241] IPv6: ADDRCONF(NETDEV_CHANGE): enp0s3: link becomes ready
Nov  5 21:32:01 ubuntu kernel: [  592.355084] IPv6: ADDRCONF(NETDEV_UP): enp0s3: link is not ready
Nov  5 21:32:01 ubuntu kernel: [  592.362428] e1000: enp0s3 NIC Link is Up 1000 Mbps Full Duplex, Flow Control: RX
Nov  5 21:32:01 ubuntu kernel: [  592.362657] IPv6: ADDRCONF(NETDEV_CHANGE): enp0s3: link becomes ready
Nov  5 21:33:44 ubuntu kernel: [    0.000000] Initializing cgroup subsys cpuset
Nov  5 21:33:44 ubuntu kernel: [    0.000000] Initializing cgroup subsys cpu
Nov  5 21:33:44 ubuntu kernel: [    0.000000] Initializing cgroup subsys cpuacct
Nov  5 21:33:44 ubuntu kernel: [    0.000000] Linux version 4.4.0-31-generic (buildd@lgw01-16) (gcc version 5.3.1 20160413 (Ubuntu 5.3.1-14ubuntu2.1) ) #50-Ubuntu SMP Wed Jul 13 00:07:12 UTC 2016 (Ubuntu 4.4.0-31.50-generic 4.4.13)
Nov  5 21:33:44 ubuntu kernel: [    0.000000] Command line: BOOT_IMAGE=/vmlinuz-4.4.0-31-generic root=/dev/mapper/ubuntu--vg-root ro
Nov  5 21:33:44 ubuntu kernel: [    0.000000] KERNEL supported cpus:
Nov  5 21:33:44 ubuntu kernel: [    0.000000]   Intel GenuineIntel
Nov  5 21:33:44 ubuntu kernel: [    0.000000]   AMD AuthenticAMD
Nov  5 21:33:44 ubuntu kernel: [    0.000000]   Centaur CentaurHauls
Nov  5 21:33:44 ubuntu kernel: [    0.000000] ------------[ cut here ]------------
Nov  5 21:33:44 ubuntu kernel: [    0.000000] WARNING: CPU: 0 PID: 0 at /build/linux-dcxD3m/linux-4.4.0/arch/x86/kernel/fpu/xstate.c:517 fpu__init_system_xstate+0x38b/0x75a()
Nov  5 21:33:44 ubuntu kernel: [    0.000000] XSAVE consistency problem, dumping leaves
Nov  5 21:33:44 ubuntu kernel: [    0.000000] Modules linked in:
Nov  5 21:33:44 ubuntu kernel: [    0.000000] CPU: 0 PID: 0 Comm: swapper Not tainted 4.4.0-31-generic #50-Ubuntu
Nov  5 21:33:44 ubuntu kernel: [    0.000000]  0000000000000086 b3e1ed8bc4e936b6 ffffffff81e03d80 ffffffff813f1143
Nov  5 21:33:44 ubuntu kernel: [    0.000000]  ffffffff81e03dc8 ffffffff81ca24c8 ffffffff81e03db8 ffffffff81081102
Nov  5 21:33:44 ubuntu kernel: [    0.000000]  ffffffff81e03e48 ffffffff81e03e4c 0000000000000008 0000000000000100
Nov  5 21:33:44 ubuntu kernel: [    0.000000] Call Trace:
Nov  5 21:33:44 ubuntu kernel: [    0.000000]  [<ffffffff813f1143>] dump_stack+0x63/0x90
Nov  5 21:33:44 ubuntu kernel: [    0.000000]  [<ffffffff81081102>] warn_slowpath_common+0x82/0xc0
Nov  5 21:33:44 ubuntu kernel: [    0.000000]  [<ffffffff8108119c>] warn_slowpath_fmt+0x5c/0x80
Nov  5 21:33:44 ubuntu kernel: [    0.000000]  [<ffffffff8107ced0>] ? xfeature_size+0x59/0x77
Nov  5 21:33:44 ubuntu kernel: [    0.000000]  [<ffffffff81f6aeff>] fpu__init_system_xstate+0x38b/0x75a
Nov  5 21:33:44 ubuntu kernel: [    0.000000]  [<ffffffff81f5a120>] ? early_idt_handler_array+0x120/0x120
Nov  5 21:33:44 ubuntu kernel: [    0.000000]  [<ffffffff81f6a86a>] fpu__init_system+0x10d/0x245
Nov  5 21:33:44 ubuntu kernel: [    0.000000]  [<ffffffff81f6b973>] early_cpu_init+0x139/0x13e
Nov  5 21:33:44 ubuntu kernel: [    0.000000]  [<ffffffff81f6b973>] ? early_cpu_init+0x139/0x13e
Nov  5 21:33:44 ubuntu kernel: [    0.000000]  [<ffffffff81f66e46>] setup_arch+0xb4/0xd1e
Nov  5 21:33:44 ubuntu kernel: [    0.000000]  [<ffffffff81f5a120>] ? early_idt_handler_array+0x120/0x120
Nov  5 21:33:44 ubuntu kernel: [    0.000000]  [<ffffffff81f5ac74>] start_kernel+0xe4/0x4a2
Nov  5 21:33:44 ubuntu kernel: [    0.000000]  [<ffffffff81f5a120>] ? early_idt_handler_array+0x120/0x120
Nov  5 21:33:44 ubuntu kernel: [    0.000000]  [<ffffffff81f5a339>] x86_64_start_reservations+0x2a/0x2c
Nov  5 21:33:44 ubuntu kernel: [    0.000000]  [<ffffffff81f5a485>] x86_64_start_kernel+0x14a/0x16d
Nov  5 21:33:44 ubuntu kernel: [    0.000000] ---[ end trace 4d5ff9f2f68c4233 ]---
Nov  5 21:33:44 ubuntu kernel: [    0.000000] CPUID[0d, 00]: eax=00000007 ebx=00000440 ecx=00000440 edx=00000000
Nov  5 21:33:44 ubuntu kernel: [    0.000000] CPUID[0d, 01]: eax=00000000 ebx=000003c0 ecx=00000000 edx=00000000
Nov  5 21:33:44 ubuntu kernel: [    0.000000] CPUID[0d, 02]: eax=00000100 ebx=00000240 ecx=00000000 edx=00000000
Nov  5 21:33:44 ubuntu kernel: [    0.000000] CPUID[0d, 03]: eax=00000000 ebx=00000000 ecx=00000000 edx=00000000
Nov  5 21:33:44 ubuntu kernel: [    0.000000] CPUID[0d, 04]: eax=00000000 ebx=00000000 ecx=00000000 edx=00000000
Nov  5 21:33:44 ubuntu kernel: [    0.000000] CPUID[0d, 05]: eax=00000000 ebx=00000000 ecx=00000000 edx=00000000
Nov  5 21:33:44 ubuntu kernel: [    0.000000] CPUID[0d, 06]: eax=00000000 ebx=00000000 ecx=00000000 edx=00000000
Nov  5 21:33:44 ubuntu kernel: [    0.000000] CPUID[0d, 07]: eax=00000000 ebx=00000000 ecx=00000000 edx=00000000
Nov  5 21:33:44 ubuntu kernel: [    0.000000] CPUID[0d, 08]: eax=00000000 ebx=00000000 ecx=00000000 edx=00000000
Nov  5 21:33:44 ubuntu kernel: [    0.000000] CPUID[0d, 09]: eax=00000000 ebx=00000000 ecx=00000000 edx=00000000
Nov  5 21:33:44 ubuntu kernel: [    0.000000] CPUID[0d, 0a]: eax=00000000 ebx=00000000 ecx=00000000 edx=00000000
Nov  5 21:33:44 ubuntu kernel: [    0.000000] CPUID[0d, 0b]: eax=00000000 ebx=00000000 ecx=00000000 edx=00000000
Nov  5 21:33:44 ubuntu kernel: [    0.000000] CPUID[0d, 0c]: eax=00000000 ebx=00000000 ecx=00000000 edx=00000000
Nov  5 21:33:44 ubuntu kernel: [    0.000000] CPUID[0d, 0d]: eax=00000000 ebx=00000000 ecx=00000000 edx=00000000
Nov  5 21:33:44 ubuntu kernel: [    0.000000] CPUID[0d, 0e]: eax=00000000 ebx=00000000 ecx=00000000 edx=00000000
Nov  5 21:33:44 ubuntu kernel: [    0.000000] CPUID[0d, 0f]: eax=00000000 ebx=00000000 ecx=00000000 edx=00000000
Nov  5 21:33:44 ubuntu kernel: [    0.000000] CPUID[0d, 10]: eax=00000000 ebx=00000000 ecx=00000000 edx=00000000
Nov  5 21:33:44 ubuntu kernel: [    0.000000] CPUID[0d, 11]: eax=00000000 ebx=00000000 ecx=00000000 edx=00000000
Nov  5 21:33:44 ubuntu kernel: [    0.000000] x86/fpu: xstate_offset[2]:  576, xstate_sizes[2]:  256
Nov  5 21:33:44 ubuntu kernel: [    0.000000] x86/fpu: Supporting XSAVE feature 0x01: 'x87 floating point registers'
Nov  5 21:33:44 ubuntu kernel: [    0.000000] x86/fpu: Supporting XSAVE feature 0x02: 'SSE registers'
Nov  5 21:33:44 ubuntu kernel: [    0.000000] x86/fpu: Supporting XSAVE feature 0x04: 'AVX registers'
Nov  5 21:33:44 ubuntu kernel: [    0.000000] x86/fpu: Enabled xstate features 0x7, context size is 1088 bytes, using 'standard' format.
Nov  5 21:33:44 ubuntu kernel: [    0.000000] x86/fpu: Using 'lazy' FPU context switches.
Nov  5 21:33:44 ubuntu kernel: [    0.000000] e820: BIOS-provided physical RAM map:
Nov  5 21:33:44 ubuntu kernel: [    0.000000] BIOS-e820: [mem 0x0000000000000000-0x000000000009fbff] usable
Nov  5 21:33:44 ubuntu kernel: [    0.000000] BIOS-e820: [mem 0x000000000009fc00-0x000000000009ffff] reserved
Nov  5 21:33:44 ubuntu kernel: [    0.000000] BIOS-e820: [mem 0x00000000000f0000-0x00000000000fffff] reserved
Nov  5 21:33:44 ubuntu kernel: [    0.000000] BIOS-e820: [mem 0x0000000000100000-0x000000007ffeffff] usable
Nov  5 21:33:44 ubuntu kernel: [    0.000000] BIOS-e820: [mem 0x000000007fff0000-0x000000007fffffff] ACPI data
Nov  5 21:33:44 ubuntu kernel: [    0.000000] BIOS-e820: [mem 0x00000000fec00000-0x00000000fec00fff] reserved
Nov  5 21:33:44 ubuntu kernel: [    0.000000] BIOS-e820: [mem 0x00000000fee00000-0x00000000fee00fff] reserved
Nov  5 21:33:44 ubuntu kernel: [    0.000000] BIOS-e820: [mem 0x00000000fffc0000-0x00000000ffffffff] reserved
Nov  5 21:33:44 ubuntu kernel: [    0.000000] NX (Execute Disable) protection: active
Nov  5 21:33:44 ubuntu kernel: [    0.000000] SMBIOS 2.5 present.
Nov  5 21:33:44 ubuntu kernel: [    0.000000] DMI: innotek GmbH VirtualBox/VirtualBox, BIOS VirtualBox 12/01/2006
Nov  5 21:33:44 ubuntu kernel: [    0.000000] Hypervisor detected: KVM
Nov  5 21:33:44 ubuntu kernel: [    0.000000] e820: update [mem 0x00000000-0x00000fff] usable ==> reserved
Nov  5 21:33:44 ubuntu kernel: [    0.000000] e820: remove [mem 0x000a0000-0x000fffff] usable
Nov  5 21:33:44 ubuntu kernel: [    0.000000] e820: last_pfn = 0x7fff0 max_arch_pfn = 0x400000000
Nov  5 21:33:44 ubuntu kernel: [    0.000000] MTRR default type: uncachable
Nov  5 21:33:44 ubuntu kernel: [    0.000000] MTRR variable ranges disabled:
Nov  5 21:33:44 ubuntu kernel: [    0.000000] x86/PAT: Configuration [0-7]: WB  WC  UC- UC  WB  WC  UC- WT  
Nov  5 21:33:44 ubuntu kernel: [    0.000000] MTRR: Disabled
Nov  5 21:33:44 ubuntu kernel: [    0.000000] CPU MTRRs all blank - virtualized system.
Nov  5 21:33:44 ubuntu kernel: [    0.000000] found SMP MP-table at [mem 0x0009fff0-0x0009ffff] mapped at [ffff88000009fff0]
Nov  5 21:33:44 ubuntu kernel: [    0.000000] Scanning 1 areas for low memory corruption
Nov  5 21:33:44 ubuntu kernel: [    0.000000] Base memory trampoline at [ffff880000099000] 99000 size 24576
Nov  5 21:33:44 ubuntu kernel: [    0.000000] BRK [0x02200000, 0x02200fff] PGTABLE
Nov  5 21:33:44 ubuntu kernel: [    0.000000] BRK [0x02201000, 0x02201fff] PGTABLE
Nov  5 21:33:44 ubuntu kernel: [    0.000000] BRK [0x02202000, 0x02202fff] PGTABLE
Nov  5 21:33:44 ubuntu kernel: [    0.000000] BRK [0x02203000, 0x02203fff] PGTABLE
Nov  5 21:33:44 ubuntu kernel: [    0.000000] BRK [0x02204000, 0x02204fff] PGTABLE
Nov  5 21:33:44 ubuntu kernel: [    0.000000] RAMDISK: [mem 0x33bd4000-0x35de1fff]
Nov  5 21:33:44 ubuntu kernel: [    0.000000] ACPI: Early table checksum verification disabled
Nov  5 21:33:44 ubuntu kernel: [    0.000000] ACPI: RSDP 0x00000000000E0000 000024 (v02 VBOX  )
Nov  5 21:33:44 ubuntu kernel: [    0.000000] ACPI: XSDT 0x000000007FFF0030 00003C (v01 VBOX   VBOXXSDT 00000001 ASL  00000061)
Nov  5 21:33:44 ubuntu kernel: [    0.000000] ACPI: FACP 0x000000007FFF00F0 0000F4 (v04 VBOX   VBOXFACP 00000001 ASL  00000061)
Nov  5 21:33:44 ubuntu kernel: [    0.000000] ACPI: DSDT 0x000000007FFF0470 00210F (v01 VBOX   VBOXBIOS 00000002 INTL 20100528)
Nov  5 21:33:44 ubuntu kernel: [    0.000000] ACPI: FACS 0x000000007FFF0200 000040
Nov  5 21:33:44 ubuntu kernel: [    0.000000] ACPI: FACS 0x000000007FFF0200 000040
Nov  5 21:33:44 ubuntu kernel: [    0.000000] ACPI: APIC 0x000000007FFF0240 00005C (v02 VBOX   VBOXAPIC 00000001 ASL  00000061)
Nov  5 21:33:44 ubuntu kernel: [    0.000000] ACPI: SSDT 0x000000007FFF02A0 0001CC (v01 VBOX   VBOXCPUT 00000002 INTL 20100528)
Nov  5 21:33:44 ubuntu kernel: [    0.000000] ACPI: Local APIC address 0xfee00000
Nov  5 21:33:44 ubuntu kernel: [    0.000000] No NUMA configuration found
Nov  5 21:33:44 ubuntu kernel: [    0.000000] Faking a node at [mem 0x0000000000000000-0x000000007ffeffff]
Nov  5 21:33:44 ubuntu kernel: [    0.000000] NODE_DATA(0) allocated [mem 0x7ffeb000-0x7ffeffff]
Nov  5 21:33:44 ubuntu kernel: [    0.000000] kvm-clock: Using msrs 4b564d01 and 4b564d00
Nov  5 21:33:44 ubuntu kernel: [    0.000000] kvm-clock: cpu 0, msr 0:7ffe7001, primary cpu clock
Nov  5 21:33:44 ubuntu kernel: [    0.000000] kvm-clock: using sched offset of 1674239671040 cycles
Nov  5 21:33:44 ubuntu kernel: [    0.000000] clocksource: kvm-clock: mask: 0xffffffffffffffff max_cycles: 0x1cd42e4dffb, max_idle_ns: 881590591483 ns
Nov  5 21:33:44 ubuntu kernel: [    0.000000] Zone ranges:
Nov  5 21:33:44 ubuntu kernel: [    0.000000]   DMA      [mem 0x0000000000001000-0x0000000000ffffff]
Nov  5 21:33:44 ubuntu kernel: [    0.000000]   DMA32    [mem 0x0000000001000000-0x000000007ffeffff]
Nov  5 21:33:44 ubuntu kernel: [    0.000000]   Normal   empty
Nov  5 21:33:44 ubuntu kernel: [    0.000000]   Device   empty
Nov  5 21:33:44 ubuntu kernel: [    0.000000] Movable zone start for each node
Nov  5 21:33:44 ubuntu kernel: [    0.000000] Early memory node ranges
Nov  5 21:33:44 ubuntu kernel: [    0.000000]   node   0: [mem 0x0000000000001000-0x000000000009efff]
Nov  5 21:33:44 ubuntu kernel: [    0.000000]   node   0: [mem 0x0000000000100000-0x000000007ffeffff]
Nov  5 21:33:44 ubuntu kernel: [    0.000000] Initmem setup node 0 [mem 0x0000000000001000-0x000000007ffeffff]
Nov  5 21:33:44 ubuntu kernel: [    0.000000] On node 0 totalpages: 524174
Nov  5 21:33:44 ubuntu kernel: [    0.000000]   DMA zone: 64 pages used for memmap
Nov  5 21:33:44 ubuntu kernel: [    0.000000]   DMA zone: 21 pages reserved
Nov  5 21:33:44 ubuntu kernel: [    0.000000]   DMA zone: 3998 pages, LIFO batch:0
Nov  5 21:33:44 ubuntu kernel: [    0.000000]   DMA32 zone: 8128 pages used for memmap
Nov  5 21:33:44 ubuntu kernel: [    0.000000]   DMA32 zone: 520176 pages, LIFO batch:31
Nov  5 21:33:44 ubuntu kernel: [    0.000000] ACPI: PM-Timer IO Port: 0x4008
Nov  5 21:33:44 ubuntu kernel: [    0.000000] ACPI: Local APIC address 0xfee00000
Nov  5 21:33:44 ubuntu kernel: [    0.000000] IOAPIC[0]: apic_id 2, version 32, address 0xfec00000, GSI 0-23
Nov  5 21:33:44 ubuntu kernel: [    0.000000] ACPI: INT_SRC_OVR (bus 0 bus_irq 0 global_irq 2 dfl dfl)
Nov  5 21:33:44 ubuntu kernel: [    0.000000] ACPI: INT_SRC_OVR (bus 0 bus_irq 9 global_irq 9 high level)
Nov  5 21:33:44 ubuntu kernel: [    0.000000] ACPI: IRQ0 used by override.
Nov  5 21:33:44 ubuntu kernel: [    0.000000] ACPI: IRQ9 used by override.
Nov  5 21:33:44 ubuntu kernel: [    0.000000] Using ACPI (MADT) for SMP configuration information
Nov  5 21:33:44 ubuntu kernel: [    0.000000] smpboot: Allowing 2 CPUs, 0 hotplug CPUs
Nov  5 21:33:44 ubuntu kernel: [    0.000000] PM: Registered nosave memory: [mem 0x00000000-0x00000fff]
Nov  5 21:33:44 ubuntu kernel: [    0.000000] PM: Registered nosave memory: [mem 0x0009f000-0x0009ffff]
Nov  5 21:33:44 ubuntu kernel: [    0.000000] PM: Registered nosave memory: [mem 0x000a0000-0x000effff]
Nov  5 21:33:44 ubuntu kernel: [    0.000000] PM: Registered nosave memory: [mem 0x000f0000-0x000fffff]
Nov  5 21:33:44 ubuntu kernel: [    0.000000] e820: [mem 0x80000000-0xfebfffff] available for PCI devices
Nov  5 21:33:44 ubuntu kernel: [    0.000000] Booting paravirtualized kernel on KVM
Nov  5 21:33:44 ubuntu kernel: [    0.000000] clocksource: refined-jiffies: mask: 0xffffffff max_cycles: 0xffffffff, max_idle_ns: 7645519600211568 ns
Nov  5 21:33:44 ubuntu kernel: [    0.000000] setup_percpu: NR_CPUS:256 nr_cpumask_bits:256 nr_cpu_ids:2 nr_node_ids:1
Nov  5 21:33:44 ubuntu kernel: [    0.000000] PERCPU: Embedded 33 pages/cpu @ffff88007fc00000 s98008 r8192 d28968 u1048576
Nov  5 21:33:44 ubuntu kernel: [    0.000000] pcpu-alloc: s98008 r8192 d28968 u1048576 alloc=1*2097152
Nov  5 21:33:44 ubuntu kernel: [    0.000000] pcpu-alloc: [0] 0 1 
Nov  5 21:33:44 ubuntu kernel: [    0.000000] PV qspinlock hash table entries: 256 (order: 0, 4096 bytes)
Nov  5 21:33:44 ubuntu kernel: [    0.000000] Built 1 zonelists in Node order, mobility grouping on.  Total pages: 515961
Nov  5 21:33:44 ubuntu kernel: [    0.000000] Policy zone: DMA32
Nov  5 21:33:44 ubuntu kernel: [    0.000000] Kernel command line: BOOT_IMAGE=/vmlinuz-4.4.0-31-generic root=/dev/mapper/ubuntu--vg-root ro
Nov  5 21:33:44 ubuntu kernel: [    0.000000] PID hash table entries: 4096 (order: 3, 32768 bytes)
Nov  5 21:33:44 ubuntu kernel: [    0.000000] Calgary: detecting Calgary via BIOS EBDA area
Nov  5 21:33:44 ubuntu kernel: [    0.000000] Calgary: Unable to locate Rio Grande table in EBDA - bailing!
Nov  5 21:33:44 ubuntu kernel: [    0.000000] Memory: 2009960K/2096696K available (8393K kernel code, 1282K rwdata, 3940K rodata, 1480K init, 1292K bss, 86736K reserved, 0K cma-reserved)
Nov  5 21:33:44 ubuntu kernel: [    0.000000] SLUB: HWalign=64, Order=0-3, MinObjects=0, CPUs=2, Nodes=1
Nov  5 21:33:44 ubuntu kernel: [    0.000000] Hierarchical RCU implementation.
Nov  5 21:33:44 ubuntu kernel: [    0.000000] 	Build-time adjustment of leaf fanout to 64.
Nov  5 21:33:44 ubuntu kernel: [    0.000000] 	RCU restricting CPUs from NR_CPUS=256 to nr_cpu_ids=2.
Nov  5 21:33:44 ubuntu kernel: [    0.000000] RCU: Adjusting geometry for rcu_fanout_leaf=64, nr_cpu_ids=2
Nov  5 21:33:44 ubuntu kernel: [    0.000000] NR_IRQS:16640 nr_irqs:440 16
Nov  5 21:33:44 ubuntu kernel: [    0.000000] Console: colour VGA+ 80x25
Nov  5 21:33:44 ubuntu kernel: [    0.000000] console [tty0] enabled
Nov  5 21:33:44 ubuntu kernel: [    0.000000] tsc: Detected 3503.996 MHz processor
Nov  5 21:33:44 ubuntu kernel: [    0.061850] Calibrating delay loop (skipped) preset value.. 7007.99 BogoMIPS (lpj=14015984)
Nov  5 21:33:44 ubuntu kernel: [    0.062319] pid_max: default: 32768 minimum: 301
Nov  5 21:33:44 ubuntu kernel: [    0.062563] ACPI: Core revision 20150930
Nov  5 21:33:44 ubuntu kernel: [    0.063392] ACPI: 2 ACPI AML tables successfully acquired and loaded
Nov  5 21:33:44 ubuntu kernel: [    0.063735] Security Framework initialized
Nov  5 21:33:44 ubuntu kernel: [    0.063966] Yama: becoming mindful.
Nov  5 21:33:44 ubuntu kernel: [    0.064194] AppArmor: AppArmor initialized
Nov  5 21:33:44 ubuntu kernel: [    0.064501] Dentry cache hash table entries: 262144 (order: 9, 2097152 bytes)
Nov  5 21:33:44 ubuntu kernel: [    0.064980] Inode-cache hash table entries: 131072 (order: 8, 1048576 bytes)
Nov  5 21:33:44 ubuntu kernel: [    0.065384] Mount-cache hash table entries: 4096 (order: 3, 32768 bytes)
Nov  5 21:33:44 ubuntu kernel: [    0.065691] Mountpoint-cache hash table entries: 4096 (order: 3, 32768 bytes)
Nov  5 21:33:44 ubuntu kernel: [    0.066096] Initializing cgroup subsys io
Nov  5 21:33:44 ubuntu kernel: [    0.066329] Initializing cgroup subsys memory
Nov  5 21:33:44 ubuntu kernel: [    0.066567] Initializing cgroup subsys devices
Nov  5 21:33:44 ubuntu kernel: [    0.066805] Initializing cgroup subsys freezer
Nov  5 21:33:44 ubuntu kernel: [    0.067044] Initializing cgroup subsys net_cls
Nov  5 21:33:44 ubuntu kernel: [    0.067282] Initializing cgroup subsys perf_event
Nov  5 21:33:44 ubuntu kernel: [    0.067523] Initializing cgroup subsys net_prio
Nov  5 21:33:44 ubuntu kernel: [    0.067766] Initializing cgroup subsys hugetlb
Nov  5 21:33:44 ubuntu kernel: [    0.068009] Initializing cgroup subsys pids
Nov  5 21:33:44 ubuntu kernel: [    0.068294] CPU: Physical Processor ID: 0
Nov  5 21:33:44 ubuntu kernel: [    0.068524] CPU: Processor Core ID: 0
Nov  5 21:33:44 ubuntu kernel: [    0.069599] mce: CPU supports 0 MCE banks
Nov  5 21:33:44 ubuntu kernel: [    0.069842] Last level iTLB entries: 4KB 128, 2MB 8, 4MB 8
Nov  5 21:33:44 ubuntu kernel: [    0.070104] Last level dTLB entries: 4KB 64, 2MB 0, 4MB 0, 1GB 4
Nov  5 21:33:44 ubuntu kernel: [    0.071679] Freeing SMP alternatives memory: 28K (ffffffff820b4000 - ffffffff820bb000)
Nov  5 21:33:44 ubuntu kernel: [    0.077673] ftrace: allocating 31994 entries in 125 pages
Nov  5 21:33:44 ubuntu kernel: [    0.105066] smpboot: Max logical packages: 1
Nov  5 21:33:44 ubuntu kernel: [    0.111635] smpboot: APIC(0) Converting physical 0 to logical package 0
Nov  5 21:33:44 ubuntu kernel: [    0.112100] x2apic enabled
Nov  5 21:33:44 ubuntu kernel: [    0.112459] Switched APIC routing to physical x2apic.
Nov  5 21:33:44 ubuntu kernel: [    0.113485] ..TIMER: vector=0x30 apic1=0 pin1=2 apic2=-1 pin2=-1
Nov  5 21:33:44 ubuntu kernel: [    0.217446] smpboot: CPU0: Intel(R) Core(TM) i5-6600K CPU @ 3.50GHz (family: 0x6, model: 0x5e, stepping: 0x3)
Nov  5 21:33:44 ubuntu kernel: [    0.218018] Performance Events: unsupported p6 CPU model 94 no PMU driver, software events only.
Nov  5 21:33:44 ubuntu kernel: [    0.218554] KVM setup paravirtual spinlock
Nov  5 21:33:44 ubuntu kernel: [    0.219219] x86: Booting SMP configuration:
Nov  5 21:33:44 ubuntu kernel: [    0.219456] .... node  #0, CPUs:      #1
Nov  5 21:33:44 ubuntu kernel: [    0.219910] kvm-clock: cpu 1, msr 0:7ffe7041, secondary cpu clock
Nov  5 21:33:44 ubuntu kernel: [    0.220849] mce: CPU supports 0 MCE banks
Nov  5 21:33:44 ubuntu kernel: [    0.222882] x86: Booted up 1 node, 2 CPUs
Nov  5 21:33:44 ubuntu kernel: [    0.223781] smpboot: Total of 2 processors activated (14015.98 BogoMIPS)
Nov  5 21:33:44 ubuntu kernel: [    0.224481] devtmpfs: initialized
Nov  5 21:33:44 ubuntu kernel: [    0.225518] evm: security.selinux
Nov  5 21:33:44 ubuntu kernel: [    0.225737] evm: security.SMACK64
Nov  5 21:33:44 ubuntu kernel: [    0.225956] evm: security.SMACK64EXEC
Nov  5 21:33:44 ubuntu kernel: [    0.226180] evm: security.SMACK64TRANSMUTE
Nov  5 21:33:44 ubuntu kernel: [    0.226412] evm: security.SMACK64MMAP
Nov  5 21:33:44 ubuntu kernel: [    0.226638] evm: security.ima
Nov  5 21:33:44 ubuntu kernel: [    0.226850] evm: security.capability
Nov  5 21:33:44 ubuntu kernel: [    0.227257] clocksource: jiffies: mask: 0xffffffff max_cycles: 0xffffffff, max_idle_ns: 7645041785100000 ns
Nov  5 21:33:44 ubuntu kernel: [    0.227856] pinctrl core: initialized pinctrl subsystem
Nov  5 21:33:44 ubuntu kernel: [    0.228181] RTC time:  1:33:34, date: 11/06/16
Nov  5 21:33:44 ubuntu kernel: [    0.228563] NET: Registered protocol family 16
Nov  5 21:33:44 ubuntu kernel: [    0.237899] cpuidle: using governor ladder
Nov  5 21:33:44 ubuntu kernel: [    0.250323] cpuidle: using governor menu
Nov  5 21:33:44 ubuntu kernel: [    0.250564] PCCT header not found.
Nov  5 21:33:44 ubuntu kernel: [    0.250822] ACPI: bus type PCI registered
Nov  5 21:33:44 ubuntu kernel: [    0.251053] acpiphp: ACPI Hot Plug PCI Controller Driver version: 0.5
Nov  5 21:33:44 ubuntu kernel: [    0.251397] PCI: Using configuration type 1 for base access
Nov  5 21:33:44 ubuntu kernel: [    0.263429] ACPI: Added _OSI(Module Device)
Nov  5 21:33:44 ubuntu kernel: [    0.263669] ACPI: Added _OSI(Processor Device)
Nov  5 21:33:44 ubuntu kernel: [    0.263907] ACPI: Added _OSI(3.0 _SCP Extensions)
Nov  5 21:33:44 ubuntu kernel: [    0.264151] ACPI: Added _OSI(Processor Aggregator Device)
Nov  5 21:33:44 ubuntu kernel: [    0.264832] ACPI: Executed 1 blocks of module-level executable AML code
Nov  5 21:33:44 ubuntu kernel: [    0.266446] ACPI: Interpreter enabled
Nov  5 21:33:44 ubuntu kernel: [    0.266677] ACPI Exception: AE_NOT_FOUND, While evaluating Sleep State [\_S1_] (20150930/hwxface-580)
Nov  5 21:33:44 ubuntu kernel: [    0.267193] ACPI Exception: AE_NOT_FOUND, While evaluating Sleep State [\_S2_] (20150930/hwxface-580)
Nov  5 21:33:44 ubuntu kernel: [    0.267708] ACPI Exception: AE_NOT_FOUND, While evaluating Sleep State [\_S3_] (20150930/hwxface-580)
Nov  5 21:33:44 ubuntu kernel: [    0.268231] ACPI Exception: AE_NOT_FOUND, While evaluating Sleep State [\_S4_] (20150930/hwxface-580)
Nov  5 21:33:44 ubuntu kernel: [    0.268746] ACPI: (supports S0 S5)
Nov  5 21:33:44 ubuntu kernel: [    0.268964] ACPI: Using IOAPIC for interrupt routing
Nov  5 21:33:44 ubuntu kernel: [    0.269300] PCI: Using host bridge windows from ACPI; if necessary, use "pci=nocrs" and report a bug
Nov  5 21:33:44 ubuntu kernel: [    0.271827] ACPI: PCI Root Bridge [PCI0] (domain 0000 [bus 00-ff])
Nov  5 21:33:44 ubuntu kernel: [    0.272102] acpi PNP0A03:00: _OSC: OS supports [ASPM ClockPM Segments MSI]
Nov  5 21:33:44 ubuntu kernel: [    0.272386] acpi PNP0A03:00: _OSC failed (AE_NOT_FOUND); disabling ASPM
Nov  5 21:33:44 ubuntu kernel: [    0.272667] acpi PNP0A03:00: fail to add MMCONFIG information, can't access extended PCI configuration space under this bridge.
Nov  5 21:33:44 ubuntu kernel: [    0.273318] PCI host bridge to bus 0000:00
Nov  5 21:33:44 ubuntu kernel: [    0.273551] pci_bus 0000:00: root bus resource [io  0x0000-0x0cf7 window]
Nov  5 21:33:44 ubuntu kernel: [    0.273832] pci_bus 0000:00: root bus resource [io  0x0d00-0xffff window]
Nov  5 21:33:44 ubuntu kernel: [    0.274115] pci_bus 0000:00: root bus resource [mem 0x000a0000-0x000bffff window]
Nov  5 21:33:44 ubuntu kernel: [    0.274537] pci_bus 0000:00: root bus resource [mem 0x80000000-0xffdfffff window]
Nov  5 21:33:44 ubuntu kernel: [    0.274975] pci_bus 0000:00: root bus resource [bus 00-ff]
Nov  5 21:33:44 ubuntu kernel: [    0.275257] pci 0000:00:00.0: [8086:1237] type 00 class 0x060000
Nov  5 21:33:44 ubuntu kernel: [    0.275555] pci 0000:00:01.0: [8086:7000] type 00 class 0x060100
Nov  5 21:33:44 ubuntu kernel: [    0.275910] pci 0000:00:01.1: [8086:7111] type 00 class 0x01018a
Nov  5 21:33:44 ubuntu kernel: [    0.276184] pci 0000:00:01.1: reg 0x20: [io  0xd000-0xd00f]
Nov  5 21:33:44 ubuntu kernel: [    0.276296] pci 0000:00:01.1: legacy IDE quirk: reg 0x10: [io  0x01f0-0x01f7]
Nov  5 21:33:44 ubuntu kernel: [    0.276584] pci 0000:00:01.1: legacy IDE quirk: reg 0x14: [io  0x03f6]
Nov  5 21:33:44 ubuntu kernel: [    0.276860] pci 0000:00:01.1: legacy IDE quirk: reg 0x18: [io  0x0170-0x0177]
Nov  5 21:33:44 ubuntu kernel: [    0.277148] pci 0000:00:01.1: legacy IDE quirk: reg 0x1c: [io  0x0376]
Nov  5 21:33:44 ubuntu kernel: [    0.277543] pci 0000:00:02.0: [80ee:beef] type 00 class 0x030000
Nov  5 21:33:44 ubuntu kernel: [    0.278453] pci 0000:00:02.0: reg 0x10: [mem 0xe0000000-0xe0ffffff pref]
Nov  5 21:33:44 ubuntu kernel: [    0.283770] pci 0000:00:03.0: [8086:100e] type 00 class 0x020000
Nov  5 21:33:44 ubuntu kernel: [    0.284503] pci 0000:00:03.0: reg 0x10: [mem 0xf0000000-0xf001ffff]
Nov  5 21:33:44 ubuntu kernel: [    0.285747] pci 0000:00:03.0: reg 0x18: [io  0xd010-0xd017]
Nov  5 21:33:44 ubuntu kernel: [    0.288189] pci 0000:00:04.0: [80ee:cafe] type 00 class 0x088000
Nov  5 21:33:44 ubuntu kernel: [    0.288774] pci 0000:00:04.0: reg 0x10: [io  0xd020-0xd03f]
Nov  5 21:33:44 ubuntu kernel: [    0.289324] pci 0000:00:04.0: reg 0x14: [mem 0xf0400000-0xf07fffff]
Nov  5 21:33:44 ubuntu kernel: [    0.289881] pci 0000:00:04.0: reg 0x18: [mem 0xf0800000-0xf0803fff pref]
Nov  5 21:33:44 ubuntu kernel: [    0.292138] pci 0000:00:05.0: [8086:2415] type 00 class 0x040100
Nov  5 21:33:44 ubuntu kernel: [    0.292201] pci 0000:00:05.0: reg 0x10: [io  0xd100-0xd1ff]
Nov  5 21:33:44 ubuntu kernel: [    0.292239] pci 0000:00:05.0: reg 0x14: [io  0xd200-0xd23f]
Nov  5 21:33:44 ubuntu kernel: [    0.292529] pci 0000:00:06.0: [106b:003f] type 00 class 0x0c0310
Nov  5 21:33:44 ubuntu kernel: [    0.293130] pci 0000:00:06.0: reg 0x10: [mem 0xf0804000-0xf0804fff]
Nov  5 21:33:44 ubuntu kernel: [    0.296466] pci 0000:00:07.0: [8086:7113] type 00 class 0x068000
Nov  5 21:33:44 ubuntu kernel: [    0.296734] pci 0000:00:07.0: quirk: [io  0x4000-0x403f] claimed by PIIX4 ACPI
Nov  5 21:33:44 ubuntu kernel: [    0.297167] pci 0000:00:07.0: quirk: [io  0x4100-0x410f] claimed by PIIX4 SMB
Nov  5 21:33:44 ubuntu kernel: [    0.297626] pci 0000:00:0d.0: [8086:2829] type 00 class 0x010601
Nov  5 21:33:44 ubuntu kernel: [    0.298219] pci 0000:00:0d.0: reg 0x10: [io  0xd240-0xd247]
Nov  5 21:33:44 ubuntu kernel: [    0.299519] pci 0000:00:0d.0: reg 0x18: [io  0xd250-0xd257]
Nov  5 21:33:44 ubuntu kernel: [    0.300678] pci 0000:00:0d.0: reg 0x20: [io  0xd260-0xd26f]
Nov  5 21:33:44 ubuntu kernel: [    0.301266] pci 0000:00:0d.0: reg 0x24: [mem 0xf0806000-0xf0807fff]
Nov  5 21:33:44 ubuntu kernel: [    0.302568] ACPI: PCI Interrupt Link [LNKA] (IRQs 5 9 10 *11)
Nov  5 21:33:44 ubuntu kernel: [    0.303135] ACPI: PCI Interrupt Link [LNKB] (IRQs 5 9 10 *11)
Nov  5 21:33:44 ubuntu kernel: [    0.303627] ACPI: PCI Interrupt Link [LNKC] (IRQs 5 9 *10 11)
Nov  5 21:33:44 ubuntu kernel: [    0.304112] ACPI: PCI Interrupt Link [LNKD] (IRQs 5 *9 10 11)
Nov  5 21:33:44 ubuntu kernel: [    0.304626] ACPI: Enabled 2 GPEs in block 00 to 07
Nov  5 21:33:44 ubuntu kernel: [    0.305150] vgaarb: setting as boot device: PCI:0000:00:02.0
Nov  5 21:33:44 ubuntu kernel: [    0.305414] vgaarb: device added: PCI:0000:00:02.0,decodes=io+mem,owns=io+mem,locks=none
Nov  5 21:33:44 ubuntu kernel: [    0.305856] vgaarb: loaded
Nov  5 21:33:44 ubuntu kernel: [    0.306063] vgaarb: bridge control possible 0000:00:02.0
Nov  5 21:33:44 ubuntu kernel: [    0.306460] SCSI subsystem initialized
Nov  5 21:33:44 ubuntu kernel: [    0.306821] libata version 3.00 loaded.
Nov  5 21:33:44 ubuntu kernel: [    0.306835] ACPI: bus type USB registered
Nov  5 21:33:44 ubuntu kernel: [    0.307077] usbcore: registered new interface driver usbfs
Nov  5 21:33:44 ubuntu kernel: [    0.307339] usbcore: registered new interface driver hub
Nov  5 21:33:44 ubuntu kernel: [    0.307602] usbcore: registered new device driver usb
Nov  5 21:33:44 ubuntu kernel: [    0.308174] PCI: Using ACPI for IRQ routing
Nov  5 21:33:44 ubuntu kernel: [    0.308424] PCI: pci_cache_line_size set to 64 bytes
Nov  5 21:33:44 ubuntu kernel: [    0.308521] e820: reserve RAM buffer [mem 0x0009fc00-0x0009ffff]
Nov  5 21:33:44 ubuntu kernel: [    0.308523] e820: reserve RAM buffer [mem 0x7fff0000-0x7fffffff]
Nov  5 21:33:44 ubuntu kernel: [    0.308585] NetLabel: Initializing
Nov  5 21:33:44 ubuntu kernel: [    0.308807] NetLabel:  domain hash size = 128
Nov  5 21:33:44 ubuntu kernel: [    0.309043] NetLabel:  protocols = UNLABELED CIPSOv4
Nov  5 21:33:44 ubuntu kernel: [    0.309299] NetLabel:  unlabeled traffic allowed by default
Nov  5 21:33:44 ubuntu kernel: [    0.309740] clocksource: Switched to clocksource kvm-clock
Nov  5 21:33:44 ubuntu kernel: [    0.313418] AppArmor: AppArmor Filesystem Enabled
Nov  5 21:33:44 ubuntu kernel: [    0.313690] pnp: PnP ACPI init
Nov  5 21:33:44 ubuntu kernel: [    0.313934] pnp 00:00: Plug and Play ACPI device, IDs PNP0303 (active)
Nov  5 21:33:44 ubuntu kernel: [    0.313977] pnp 00:01: Plug and Play ACPI device, IDs PNP0f03 (active)
Nov  5 21:33:44 ubuntu kernel: [    0.314285] pnp: PnP ACPI: found 2 devices
Nov  5 21:33:44 ubuntu kernel: [    0.323298] clocksource: acpi_pm: mask: 0xffffff max_cycles: 0xffffff, max_idle_ns: 2085701024 ns
Nov  5 21:33:44 ubuntu kernel: [    0.323759] pci_bus 0000:00: resource 4 [io  0x0000-0x0cf7 window]
Nov  5 21:33:44 ubuntu kernel: [    0.323761] pci_bus 0000:00: resource 5 [io  0x0d00-0xffff window]
Nov  5 21:33:44 ubuntu kernel: [    0.323762] pci_bus 0000:00: resource 6 [mem 0x000a0000-0x000bffff window]
Nov  5 21:33:44 ubuntu kernel: [    0.323763] pci_bus 0000:00: resource 7 [mem 0x80000000-0xffdfffff window]
Nov  5 21:33:44 ubuntu kernel: [    0.323779] NET: Registered protocol family 2
Nov  5 21:33:44 ubuntu kernel: [    0.324109] TCP established hash table entries: 16384 (order: 5, 131072 bytes)
Nov  5 21:33:44 ubuntu kernel: [    0.324725] TCP bind hash table entries: 16384 (order: 6, 262144 bytes)
Nov  5 21:33:44 ubuntu kernel: [    0.325018] TCP: Hash tables configured (established 16384 bind 16384)
Nov  5 21:33:44 ubuntu kernel: [    0.325312] UDP hash table entries: 1024 (order: 3, 32768 bytes)
Nov  5 21:33:44 ubuntu kernel: [    0.325581] UDP-Lite hash table entries: 1024 (order: 3, 32768 bytes)
Nov  5 21:33:44 ubuntu kernel: [    0.325879] NET: Registered protocol family 1
Nov  5 21:33:44 ubuntu kernel: [    0.326136] pci 0000:00:00.0: Limiting direct PCI/PCI transfers
Nov  5 21:33:44 ubuntu kernel: [    0.326417] pci 0000:00:01.0: Activating ISA DMA hang workarounds
Nov  5 21:33:44 ubuntu kernel: [    0.326702] pci 0000:00:02.0: Video device with shadowed ROM
Nov  5 21:33:44 ubuntu kernel: [    0.327537] PCI: CLS 0 bytes, default 64
Nov  5 21:33:44 ubuntu kernel: [    0.327562] Trying to unpack rootfs image as initramfs...
Nov  5 21:33:44 ubuntu kernel: [    0.630342] Freeing initrd memory: 34872K (ffff880033bd4000 - ffff880035de2000)
Nov  5 21:33:44 ubuntu kernel: [    0.630849] platform rtc_cmos: registered platform RTC device (no PNP device found)
Nov  5 21:33:44 ubuntu kernel: [    0.631296] Scanning for low memory corruption every 60 seconds
Nov  5 21:33:44 ubuntu kernel: [    0.632158] futex hash table entries: 512 (order: 3, 32768 bytes)
Nov  5 21:33:44 ubuntu kernel: [    0.632442] audit: initializing netlink subsys (disabled)
Nov  5 21:33:44 ubuntu kernel: [    0.632709] audit: type=2000 audit(1478397688.634:1): initialized
Nov  5 21:33:44 ubuntu kernel: [    0.633138] Initialise system trusted keyring
Nov  5 21:33:44 ubuntu kernel: [    0.633559] HugeTLB registered 2 MB page size, pre-allocated 0 pages
Nov  5 21:33:44 ubuntu kernel: [    0.634667] zbud: loaded
Nov  5 21:33:44 ubuntu kernel: [    0.635125] VFS: Disk quotas dquot_6.6.0
Nov  5 21:33:44 ubuntu kernel: [    0.635375] VFS: Dquot-cache hash table entries: 512 (order 0, 4096 bytes)
Nov  5 21:33:44 ubuntu kernel: [    0.635797] squashfs: version 4.0 (2009/01/31) Phillip Lougher
Nov  5 21:33:44 ubuntu kernel: [    0.636415] fuse init (API version 7.23)
Nov  5 21:33:44 ubuntu kernel: [    0.636876] Key type big_key registered
Nov  5 21:33:44 ubuntu kernel: [    0.637121] Allocating IMA MOK and blacklist keyrings.
Nov  5 21:33:44 ubuntu kernel: [    0.640311] Key type asymmetric registered
Nov  5 21:33:44 ubuntu kernel: [    0.640551] Asymmetric key parser 'x509' registered
Nov  5 21:33:44 ubuntu kernel: [    0.640824] Block layer SCSI generic (bsg) driver version 0.4 loaded (major 249)
Nov  5 21:33:44 ubuntu kernel: [    0.641331] io scheduler noop registered
Nov  5 21:33:44 ubuntu kernel: [    0.641567] io scheduler deadline registered (default)
Nov  5 21:33:44 ubuntu kernel: [    0.641844] io scheduler cfq registered
Nov  5 21:33:44 ubuntu kernel: [    0.642137] pci_hotplug: PCI Hot Plug PCI Core version: 0.5
Nov  5 21:33:44 ubuntu kernel: [    0.642401] pciehp: PCI Express Hot Plug Controller Driver version: 0.4
Nov  5 21:33:44 ubuntu kernel: [    0.642695] intel_idle: does not run on family 6 model 94
Nov  5 21:33:44 ubuntu kernel: [    0.642750] ACPI: AC Adapter [AC] (on-line)
Nov  5 21:33:44 ubuntu kernel: [    0.643015] input: Power Button as /devices/LNXSYSTM:00/LNXPWRBN:00/input/input0
Nov  5 21:33:44 ubuntu kernel: [    0.643439] ACPI: Power Button [PWRF]
Nov  5 21:33:44 ubuntu kernel: [    0.643700] input: Sleep Button as /devices/LNXSYSTM:00/LNXSLPBN:00/input/input1
Nov  5 21:33:44 ubuntu kernel: [    0.644124] ACPI: Sleep Button [SLPF]
Nov  5 21:33:44 ubuntu kernel: [    0.644584] GHES: HEST is not enabled!
Nov  5 21:33:44 ubuntu kernel: [    0.645005] Serial: 8250/16550 driver, 32 ports, IRQ sharing enabled
Nov  5 21:33:44 ubuntu kernel: [    0.648833] Linux agpgart interface v0.103
Nov  5 21:33:44 ubuntu kernel: [    0.650903] brd: module loaded
Nov  5 21:33:44 ubuntu kernel: [    0.651987] loop: module loaded
Nov  5 21:33:44 ubuntu kernel: [    0.652277] ata_piix 0000:00:01.1: version 2.13
Nov  5 21:33:44 ubuntu kernel: [    0.652531] scsi host0: ata_piix
Nov  5 21:33:44 ubuntu kernel: [    0.652825] scsi host1: ata_piix
Nov  5 21:33:44 ubuntu kernel: [    0.653070] ata1: PATA max UDMA/33 cmd 0x1f0 ctl 0x3f6 bmdma 0xd000 irq 14
Nov  5 21:33:44 ubuntu kernel: [    0.653354] ata2: PATA max UDMA/33 cmd 0x170 ctl 0x376 bmdma 0xd008 irq 15
Nov  5 21:33:44 ubuntu kernel: [    0.653697] libphy: Fixed MDIO Bus: probed
Nov  5 21:33:44 ubuntu kernel: [    0.653962] tun: Universal TUN/TAP device driver, 1.6
Nov  5 21:33:44 ubuntu kernel: [    0.654221] tun: (C) 1999-2004 Max Krasnyansky <maxk@qualcomm.com>
Nov  5 21:33:44 ubuntu kernel: [    0.654538] PPP generic driver version 2.4.2
Nov  5 21:33:44 ubuntu kernel: [    0.654832] ehci_hcd: USB 2.0 'Enhanced' Host Controller (EHCI) Driver
Nov  5 21:33:44 ubuntu kernel: [    0.655112] ehci-pci: EHCI PCI platform driver
Nov  5 21:33:44 ubuntu kernel: [    0.655356] ehci-platform: EHCI generic platform driver
Nov  5 21:33:44 ubuntu kernel: [    0.655613] ohci_hcd: USB 1.1 'Open' Host Controller (OHCI) Driver
Nov  5 21:33:44 ubuntu kernel: [    0.655886] ohci-pci: OHCI PCI platform driver
Nov  5 21:33:44 ubuntu kernel: [    0.656424] ohci-pci 0000:00:06.0: OHCI PCI host controller
Nov  5 21:33:44 ubuntu kernel: [    0.656687] ohci-pci 0000:00:06.0: new USB bus registered, assigned bus number 1
Nov  5 21:33:44 ubuntu kernel: [    0.657147] ohci-pci 0000:00:06.0: irq 22, io mem 0xf0804000
Nov  5 21:33:44 ubuntu kernel: [    0.710121] usb usb1: New USB device found, idVendor=1d6b, idProduct=0001
Nov  5 21:33:44 ubuntu kernel: [    0.710409] usb usb1: New USB device strings: Mfr=3, Product=2, SerialNumber=1
Nov  5 21:33:44 ubuntu kernel: [    0.710830] usb usb1: Product: OHCI PCI host controller
Nov  5 21:33:44 ubuntu kernel: [    0.711083] usb usb1: Manufacturer: Linux 4.4.0-31-generic ohci_hcd
Nov  5 21:33:44 ubuntu kernel: [    0.711355] usb usb1: SerialNumber: 0000:00:06.0
Nov  5 21:33:44 ubuntu kernel: [    0.711787] hub 1-0:1.0: USB hub found
Nov  5 21:33:44 ubuntu kernel: [    0.712022] hub 1-0:1.0: 12 ports detected
Nov  5 21:33:44 ubuntu kernel: [    0.712455] ohci-platform: OHCI generic platform driver
Nov  5 21:33:44 ubuntu kernel: [    0.712725] uhci_hcd: USB Universal Host Controller Interface driver
Nov  5 21:33:44 ubuntu kernel: [    0.713030] i8042: PNP: PS/2 Controller [PNP0303:PS2K,PNP0f03:PS2M] at 0x60,0x64 irq 1,12
Nov  5 21:33:44 ubuntu kernel: [    0.713835] serio: i8042 KBD port at 0x60,0x64 irq 1
Nov  5 21:33:44 ubuntu kernel: [    0.714167] serio: i8042 AUX port at 0x60,0x64 irq 12
Nov  5 21:33:44 ubuntu kernel: [    0.714895] mousedev: PS/2 mouse device common for all mice
Nov  5 21:33:44 ubuntu kernel: [    0.715713] input: AT Translated Set 2 keyboard as /devices/platform/i8042/serio0/input/input2
Nov  5 21:33:44 ubuntu kernel: [    0.724988] rtc_cmos rtc_cmos: rtc core: registered rtc_cmos as rtc0
Nov  5 21:33:44 ubuntu kernel: [    0.725406] rtc_cmos rtc_cmos: alarms up to one day, 114 bytes nvram
Nov  5 21:33:44 ubuntu kernel: [    0.725774] i2c /dev entries driver
Nov  5 21:33:44 ubuntu kernel: [    0.726103] device-mapper: uevent: version 1.0.3
Nov  5 21:33:44 ubuntu kernel: [    0.726781] device-mapper: ioctl: 4.34.0-ioctl (2015-10-28) initialised: dm-devel@redhat.com
Nov  5 21:33:44 ubuntu kernel: [    0.727381] ledtrig-cpu: registered to indicate activity on CPUs
Nov  5 21:33:44 ubuntu kernel: [    0.728467] NET: Registered protocol family 10
Nov  5 21:33:44 ubuntu kernel: [    0.728882] NET: Registered protocol family 17
Nov  5 21:33:44 ubuntu kernel: [    0.729129] Key type dns_resolver registered
Nov  5 21:33:44 ubuntu kernel: [    0.729575] microcode: CPU0 sig=0x506e3, pf=0x2, revision=0x0
Nov  5 21:33:44 ubuntu kernel: [    0.729879] microcode: CPU1 sig=0x506e3, pf=0x2, revision=0x0
Nov  5 21:33:44 ubuntu kernel: [    0.730262] microcode: Microcode Update Driver: v2.01 <tigran@aivazian.fsnet.co.uk>, Peter Oruba
Nov  5 21:33:44 ubuntu kernel: [    0.731309] registered taskstats version 1
Nov  5 21:33:44 ubuntu kernel: [    0.731557] Loading compiled-in X.509 certificates
Nov  5 21:33:44 ubuntu kernel: [    0.732171] Loaded X.509 cert 'Build time autogenerated kernel key: cfb4d0870811f0d88a3f3259915bd8e83759f99c'
Nov  5 21:33:44 ubuntu kernel: [    0.732651] zswap: loaded using pool lzo/zbud
Nov  5 21:33:44 ubuntu kernel: [    0.734350] Key type trusted registered
Nov  5 21:33:44 ubuntu kernel: [    0.737308] Key type encrypted registered
Nov  5 21:33:44 ubuntu kernel: [    0.737538] AppArmor: AppArmor sha1 policy hashing enabled
Nov  5 21:33:44 ubuntu kernel: [    0.737792] ima: No TPM chip found, activating TPM-bypass!
Nov  5 21:33:44 ubuntu kernel: [    0.738055] evm: HMAC attrs: 0x1
Nov  5 21:33:44 ubuntu kernel: [    0.738675]   Magic number: 8:612:558
Nov  5 21:33:44 ubuntu kernel: [    0.738906] tty ttyS30: hash matches
Nov  5 21:33:44 ubuntu kernel: [    0.739138] misc vga_arbiter: hash matches
Nov  5 21:33:44 ubuntu kernel: [    0.739427] rtc_cmos rtc_cmos: setting system clock to 2016-11-06 01:33:34 UTC (1478396014)
Nov  5 21:33:44 ubuntu kernel: [    0.740046] BIOS EDD facility v0.16 2004-Jun-25, 0 devices found
Nov  5 21:33:44 ubuntu kernel: [    0.740310] EDD information not available.
Nov  5 21:33:44 ubuntu kernel: [    0.740562] PM: Hibernation image not present or could not be loaded.
Nov  5 21:33:44 ubuntu kernel: [    0.810195] ata2.00: ATAPI: VBOX CD-ROM, 1.0, max UDMA/133
Nov  5 21:33:44 ubuntu kernel: [    0.810724] ata2.00: configured for UDMA/33
Nov  5 21:33:44 ubuntu kernel: [    0.811621] scsi 1:0:0:0: CD-ROM            VBOX     CD-ROM           1.0  PQ: 0 ANSI: 5
Nov  5 21:33:44 ubuntu kernel: [    0.818487] sr 1:0:0:0: [sr0] scsi3-mmc drive: 32x/32x xa/form2 tray
Nov  5 21:33:44 ubuntu kernel: [    0.818773] cdrom: Uniform CD-ROM driver Revision: 3.20
Nov  5 21:33:44 ubuntu kernel: [    0.819243] sr 1:0:0:0: Attached scsi CD-ROM sr0
Nov  5 21:33:44 ubuntu kernel: [    0.819347] sr 1:0:0:0: Attached scsi generic sg0 type 5
Nov  5 21:33:44 ubuntu kernel: [    0.820367] Freeing unused kernel memory: 1480K (ffffffff81f42000 - ffffffff820b4000)
Nov  5 21:33:44 ubuntu kernel: [    0.820790] Write protecting the kernel read-only data: 14336k
Nov  5 21:33:44 ubuntu kernel: [    0.821431] Freeing unused kernel memory: 1836K (ffff880001835000 - ffff880001a00000)
Nov  5 21:33:44 ubuntu kernel: [    0.822111] Freeing unused kernel memory: 156K (ffff880001dd9000 - ffff880001e00000)
Nov  5 21:33:44 ubuntu kernel: [    0.831042] random: systemd-udevd urandom read with 1 bits of entropy available
Nov  5 21:33:44 ubuntu kernel: [    0.845567] e1000: Intel(R) PRO/1000 Network Driver - version 7.3.21-k8-NAPI
Nov  5 21:33:44 ubuntu kernel: [    0.845855] e1000: Copyright (c) 1999-2006 Intel Corporation.
Nov  5 21:33:44 ubuntu kernel: [    0.869331] ACPI: Video Device [GFX0] (multi-head: yes  rom: no  post: no)
Nov  5 21:33:44 ubuntu kernel: [    0.869657] input: Video Bus as /devices/LNXSYSTM:00/LNXSYBUS:00/PNP0A03:00/LNXVIDEO:00/input/input5
Nov  5 21:33:44 ubuntu kernel: [    0.878719] FUJITSU Extended Socket Network Device Driver - version 1.0 - Copyright (c) 2015 FUJITSU LIMITED
Nov  5 21:33:44 ubuntu kernel: [    0.916700] AVX version of gcm_enc/dec engaged.
Nov  5 21:33:44 ubuntu kernel: [    0.916956] AES CTR mode by8 optimization enabled
Nov  5 21:33:44 ubuntu kernel: [    1.071553] input: ImExPS/2 Generic Explorer Mouse as /devices/platform/i8042/serio1/input/input4
Nov  5 21:33:44 ubuntu kernel: [    1.130533] usb 1-1: new full-speed USB device number 2 using ohci-pci
Nov  5 21:33:44 ubuntu kernel: [    1.200234] e1000 0000:00:03.0 eth0: (PCI:33MHz:32-bit) 08:00:27:b2:04:4e
Nov  5 21:33:44 ubuntu kernel: [    1.200516] e1000 0000:00:03.0 eth0: Intel(R) PRO/1000 Network Connection
Nov  5 21:33:44 ubuntu kernel: [    1.200866] ahci 0000:00:0d.0: version 3.0
Nov  5 21:33:44 ubuntu kernel: [    1.201203] ahci 0000:00:0d.0: SSS flag set, parallel bus scan disabled
Nov  5 21:33:44 ubuntu kernel: [    1.201560] ahci 0000:00:0d.0: AHCI 0001.0100 32 slots 1 ports 3 Gbps 0x1 impl SATA mode
Nov  5 21:33:44 ubuntu kernel: [    1.201716] e1000 0000:00:03.0 enp0s3: renamed from eth0
Nov  5 21:33:44 ubuntu kernel: [    1.202250] ahci 0000:00:0d.0: flags: 64bit ncq stag only ccc 
Nov  5 21:33:44 ubuntu kernel: [    1.202642] scsi host2: ahci
Nov  5 21:33:44 ubuntu kernel: [    1.202881] ata3: SATA max UDMA/133 abar m8192@0xf0806000 port 0xf0806100 irq 21
Nov  5 21:33:44 ubuntu kernel: [    1.407462] usb 1-1: New USB device found, idVendor=80ee, idProduct=0021
Nov  5 21:33:44 ubuntu kernel: [    1.407859] usb 1-1: New USB device strings: Mfr=1, Product=3, SerialNumber=0
Nov  5 21:33:44 ubuntu kernel: [    1.408262] usb 1-1: Product: USB Tablet
Nov  5 21:33:44 ubuntu kernel: [    1.408580] usb 1-1: Manufacturer: VirtualBox
Nov  5 21:33:44 ubuntu kernel: [    1.416522] hidraw: raw HID events driver (C) Jiri Kosina
Nov  5 21:33:44 ubuntu kernel: [    1.429783] usbcore: registered new interface driver usbhid
Nov  5 21:33:44 ubuntu kernel: [    1.430063] usbhid: USB HID core driver
Nov  5 21:33:44 ubuntu kernel: [    1.435031] input: VirtualBox USB Tablet as /devices/pci0000:00/0000:00:06.0/usb1/1-1/1-1:1.0/0003:80EE:0021.0001/input/input6
Nov  5 21:33:44 ubuntu kernel: [    1.435573] hid-generic 0003:80EE:0021.0001: input,hidraw0: USB HID v1.10 Mouse [VirtualBox USB Tablet] on usb-0000:00:06.0-1/input0
Nov  5 21:33:44 ubuntu kernel: [    1.522517] ata3: SATA link up 3.0 Gbps (SStatus 123 SControl 300)
Nov  5 21:33:44 ubuntu kernel: [    1.523097] ata3.00: ATA-6: VBOX HARDDISK, 1.0, max UDMA/133
Nov  5 21:33:44 ubuntu kernel: [    1.523445] ata3.00: 1048576000 sectors, multi 128: LBA48 NCQ (depth 31/32)
Nov  5 21:33:44 ubuntu kernel: [    1.524037] ata3.00: configured for UDMA/133
Nov  5 21:33:44 ubuntu kernel: [    1.524441] scsi 2:0:0:0: Direct-Access     ATA      VBOX HARDDISK    1.0  PQ: 0 ANSI: 5
Nov  5 21:33:44 ubuntu kernel: [    1.525000] sd 2:0:0:0: [sda] 1048576000 512-byte logical blocks: (537 GB/500 GiB)
Nov  5 21:33:44 ubuntu kernel: [    1.525001] sd 2:0:0:0: Attached scsi generic sg1 type 0
Nov  5 21:33:44 ubuntu kernel: [    1.525691] sd 2:0:0:0: [sda] Write Protect is off
Nov  5 21:33:44 ubuntu kernel: [    1.525959] sd 2:0:0:0: [sda] Mode Sense: 00 3a 00 00
Nov  5 21:33:44 ubuntu kernel: [    1.525967] sd 2:0:0:0: [sda] Write cache: enabled, read cache: enabled, doesn't support DPO or FUA
Nov  5 21:33:44 ubuntu kernel: [    1.537895]  sda: sda1 sda2 < sda5 >
Nov  5 21:33:44 ubuntu kernel: [    1.538250] sd 2:0:0:0: [sda] Attached SCSI disk
Nov  5 21:33:44 ubuntu kernel: [    1.629791] tsc: Refined TSC clocksource calibration: 3501.710 MHz
Nov  5 21:33:44 ubuntu kernel: [    1.630061] clocksource: tsc: mask: 0xffffffffffffffff max_cycles: 0x3279a0a8d86, max_idle_ns: 440795274766 ns
Nov  5 21:33:44 ubuntu kernel: [    3.913994] floppy0: no floppy controllers found
Nov  5 21:33:44 ubuntu kernel: [    5.057934] md: linear personality registered for level -1
Nov  5 21:33:44 ubuntu kernel: [    5.059960] md: multipath personality registered for level -4
Nov  5 21:33:44 ubuntu kernel: [    5.061946] md: raid0 personality registered for level 0
Nov  5 21:33:44 ubuntu kernel: [    5.064288] md: raid1 personality registered for level 1
Nov  5 21:33:44 ubuntu kernel: [    5.133834] raid6: sse2x1   gen() 13041 MB/s
Nov  5 21:33:44 ubuntu kernel: [    5.201937] raid6: sse2x1   xor()  8046 MB/s
Nov  5 21:33:44 ubuntu kernel: [    5.269955] raid6: sse2x2   gen() 15589 MB/s
Nov  5 21:33:44 ubuntu kernel: [    5.338199] raid6: sse2x2   xor() 10572 MB/s
Nov  5 21:33:44 ubuntu kernel: [    5.405918] raid6: sse2x4   gen() 17713 MB/s
Nov  5 21:33:44 ubuntu kernel: [    5.474042] raid6: sse2x4   xor() 11369 MB/s
Nov  5 21:33:44 ubuntu kernel: [    5.474283] raid6: using algorithm sse2x4 gen() 17713 MB/s
Nov  5 21:33:44 ubuntu kernel: [    5.474535] raid6: .... xor() 11369 MB/s, rmw enabled
Nov  5 21:33:44 ubuntu kernel: [    5.474779] raid6: using ssse3x2 recovery algorithm
Nov  5 21:33:44 ubuntu kernel: [    5.475913] xor: automatically using best checksumming function:
Nov  5 21:33:44 ubuntu kernel: [    5.514103]    avx       : 31915.000 MB/sec
Nov  5 21:33:44 ubuntu kernel: [    5.515181] async_tx: api initialized (async)
